#
# There is insufficient memory for the Java Runtime Environment to continue.
# Native memory allocation (malloc) failed to allocate 1048576 bytes. Error detail: AllocateHeap
# Possible reasons:
#   The system is out of physical RAM or swap space
#   This process is running with CompressedOops enabled, and the Java Heap may be blocking the growth of the native heap
# Possible solutions:
#   Reduce memory load on the system
#   Increase physical memory or swap space
#   Check if swap backing store is full
#   Decrease Java heap size (-Xmx/-Xms)
#   Decrease number of Java threads
#   Decrease Java thread stack sizes (-Xss)
#   Set larger code cache with -XX:ReservedCodeCacheSize=
#   JVM is running with Unscaled Compressed Oops mode in which the Java heap is
#     placed in the first 4GB address space. The Java Heap base address is the
#     maximum limit for the native heap growth. Please use -XX:HeapBaseMinAddress
#     to set the Java Heap base and to place the Java Heap above 4GB virtual address.
# This output file may be truncated or incomplete.
#
#  Out of Memory Error (allocation.cpp:44), pid=26340, tid=29912
#
# JRE version:  (21.0.12.1+1) (build )
# Java VM: OpenJDK 64-Bit Server VM (21.0.12.1+1-LTS, mixed mode, sharing, tiered, compressed oops, compressed class ptrs, parallel gc, windows-amd64)
# No core dump will be written. Minidumps are not enabled by default on client versions of Windows
#

---------------  S U M M A R Y ------------

Command Line: --add-modules=ALL-SYSTEM --add-opens=java.base/java.util=ALL-UNNAMED --add-opens=java.base/java.lang=ALL-UNNAMED --add-opens=java.base/sun.nio.fs=ALL-UNNAMED -Declipse.application=org.eclipse.jdt.ls.core.id1 -Dosgi.bundles.defaultStartLevel=4 -Declipse.product=org.eclipse.jdt.ls.core.product -Djava.import.generatesMetadataFilesAtProjectRoot=false -Dm2e.project.cache.size=50 -DDetectVMInstallationsJob.disabled=true -Dfile.encoding=utf8 -XX:+UseParallelGC -XX:GCTimeRatio=4 -XX:AdaptiveSizePolicyWeight=90 -Dsun.zip.disableMemoryMapping=true -Xmx2G -Xms100m -Xlog:disable -javaagent:c:\Users\AvilésGonzález\.vscode\extensions\redhat.java-1.56.0-win32-x64\lombok\lombok-1.18.39-4050.jar -XX:+HeapDumpOnOutOfMemoryError -XX:HeapDumpPath=c:\Users\AvilésGonzález\AppData\Roaming\Code\User\workspaceStorage\eb47554d324a7a1f0cecd96c3bd2395f\redhat.java -Daether.dependencyCollector.impl=bf c:\Users\AvilésGonzález\.vscode\extensions\redhat.java-1.56.0-win32-x64\server\plugins\org.eclipse.equinox.launcher_1.8.0.v20260804-1928.jar -configuration c:\Users\AvilésGonzález\AppData\Roaming\Code\User\globalStorage\redhat.java\1.56.0\config_win -data c:\Users\AvilésGonzález\AppData\Roaming\Code\User\workspaceStorage\eb47554d324a7a1f0cecd96c3bd2395f\redhat.java\jdt_ws --pipe=\\.\pipe\lsp-28138704fe921a63473334adff0088a8-sock

Host: 12th Gen Intel(R) Core(TM) i5-12450H, 12 cores, 15G,  Windows 11 , 64 bit Build 26100 (10.0.26100.9168)
Time: Thu Sep 10 17:47:46 2026 Hora estándar, América Central elapsed time: 0.323634 seconds (0d 0h 0m 0s)

---------------  T H R E A D  ---------------

Current thread (0x000001f32ee6d120):  JavaThread "Unknown thread" [_thread_in_vm, id=29912, stack(0x0000009003700000,0x0000009003800000) (1024K)]

Stack: [0x0000009003700000,0x0000009003800000]
Native frames: (J=compiled Java code, j=interpreted, Vv=VM code, C=native code)
V  [jvm.dll+0x6d83e9]
V  [jvm.dll+0x8b5736]
V  [jvm.dll+0x8b7cee]
V  [jvm.dll+0x8b83d3]
V  [jvm.dll+0x284596]
V  [jvm.dll+0xc13c7]
V  [jvm.dll+0x70c550]
V  [jvm.dll+0x70d0bc]
V  [jvm.dll+0x6e6f73]
V  [jvm.dll+0x87fd8c]
V  [jvm.dll+0x3c4f4c]
V  [jvm.dll+0x868a4b]
V  [jvm.dll+0x458071]
V  [jvm.dll+0x459c61]
C  [jli.dll+0x52dc]
C  [ucrtbase.dll+0x2cd30]
C  [KERNEL32.DLL+0x2ccb7]
C  [ntdll.dll+0xaad6c]


---------------  P R O C E S S  ---------------

Threads class SMR info:
_java_thread_list=0x000001f32eedb8c0, length=1, elements={
0x000001f32ee6d120
}

Java Threads: ( => current thread )
=>0x000001f32ee6d120 JavaThread "Unknown thread"             [_thread_in_vm, id=29912, stack(0x0000009003700000,0x0000009003800000) (1024K)]
Total: 1

Other Threads:
  0x000001f32eedc4c0 WatcherThread "VM Periodic Task Thread"        [id=22000, stack(0x0000009003900000,0x0000009003a00000) (1024K)]
  0x000001f32ee8cc60 WorkerThread "GC Thread#0"                     [id=5220, stack(0x0000009003800000,0x0000009003900000) (1024K)]
Total: 2

Threads with active compile tasks:
Total: 0

VM state: not at safepoint (normal execution)

VM Mutex/Monitor currently owned by a thread: None

Heap address: 0x0000000080000000, size: 2048 MB, Compressed Oops mode: 32-bit

CDS archive(s) mapped at: [0x000001f346000000-0x000001f346ba0000-0x000001f346ba0000), size 12189696, SharedBaseAddress: 0x000001f346000000, ArchiveRelocationMode: 1.
Compressed class space mapped at: 0x000001f347000000-0x000001f387000000, reserved size: 1073741824
Narrow klass base: 0x000001f346000000, Narrow klass shift: 0, Narrow klass range: 0x100000000

GC Precious Log:
 CardTable entry size: 512
 CPUs: 12 total, 12 available
 Memory: 16110M
 Large Page Support: Disabled
 NUMA Support: Disabled
 Compressed Oops: Enabled (32-bit)
 Alignments: Space 512K, Generation 512K, Heap 2M
 Heap Min Capacity: 100M
 Heap Initial Capacity: 100M
 Heap Max Capacity: 2G
 Pre-touch: Disabled
 Parallel Workers: 10

Heap:
 PSYoungGen      total 29696K, used 512K [0x00000000d5580000, 0x00000000d7680000, 0x0000000100000000)
  eden space 25600K, 2% used [0x00000000d5580000,0x00000000d5600020,0x00000000d6e80000)
  from space 4096K, 0% used [0x00000000d7280000,0x00000000d7280000,0x00000000d7680000)
  to   space 4096K, 0% used [0x00000000d6e80000,0x00000000d6e80000,0x00000000d7280000)
 ParOldGen       total 68608K, used 0K [0x0000000080000000, 0x0000000084300000, 0x00000000d5580000)
  object space 68608K, 0% used [0x0000000080000000,0x0000000080000000,0x0000000084300000)
 Metaspace       used 0K, committed 0K, reserved 1048576K
  class space    used 0K, committed 0K, reserved 1048576K

Card table byte_map: [0x000001f32e810000,0x000001f32ec20000] _byte_map_base: 0x000001f32e410000

Marking Bits: (ParMarkBitMap*) 0x00007ffa7ab544a0
 Begin Bits: [0x000001f341320000, 0x000001f343320000)
 End Bits:   [0x000001f343320000, 0x000001f345320000)

Polling page: 0x000001f32cc20000

Metaspace:

Usage:
  Non-class:      0 bytes used.
      Class:      0 bytes used.
       Both:      0 bytes used.

Virtual space:
  Non-class space:        0 bytes reserved,       0 bytes (  ?%) committed,  0 nodes.
      Class space:        1.00 GB reserved,       0 bytes (  0%) committed,  1 nodes.
             Both:        1.00 GB reserved,       0 bytes (  0%) committed. 

Chunk freelists:
   Non-Class:  0 bytes
       Class:  16.00 MB
        Both:  16.00 MB

MaxMetaspaceSize: unlimited
CompressedClassSpaceSize: 1.00 GB
Initial GC threshold: 21.00 MB
Current GC threshold: 17179869184.00 GB
CDS: on
 - commit_granule_bytes: 65536.
 - commit_granule_words: 8192.
 - virtual_space_node_default_size: 8388608.
 - enlarge_chunks_in_place: 1.
 - use_allocation_guard: 0.


Internal statistics:

num_allocs_failed_limit: 0.
num_arena_births: 0.
num_arena_deaths: 0.
num_vsnodes_births: 1.
num_vsnodes_deaths: 0.
num_space_committed: 0.
num_space_uncommitted: 0.
num_chunks_returned_to_freelist: 0.
num_chunks_taken_from_freelist: 1.
num_chunk_merges: 0.
num_chunk_splits: 1.
num_chunks_enlarged: 0.
num_inconsistent_stats: 0.

CodeHeap 'non-profiled nmethods': size=120000Kb used=0Kb max_used=0Kb free=120000Kb
 bounds [0x000001f339b40000, 0x000001f339db0000, 0x000001f341070000]
CodeHeap 'profiled nmethods': size=120000Kb used=0Kb max_used=0Kb free=120000Kb
 bounds [0x000001f332070000, 0x000001f3322e0000, 0x000001f3395a0000]
CodeHeap 'non-nmethods': size=5760Kb used=194Kb max_used=342Kb free=5565Kb
 bounds [0x000001f3395a0000, 0x000001f339810000, 0x000001f339b40000]
CodeCache: size=245760Kb, used=194Kb, max_used=342Kb, free=245565Kb
 total_blobs=70, nmethods=0, adapters=48, full_count=0
Compilation: enabled, stopped_count=0, restarted_count=0

Compilation events (0 events):
No events

GC Heap History (0 events):
No events

Dll operation events (2 events):
Event: 0.292 Attempting to load shared library c:\Users\AvilésGonzález\.vscode\extensions\redhat.java-1.56.0-win32-x64\jre\21.0.12.1-win32-x86_64\bin\java.dll
Event: 0.292 Loaded shared library c:\Users\AvilésGonzález\.vscode\extensions\redhat.java-1.56.0-win32-x64\jre\21.0.12.1-win32-x86_64\bin\java.dll

Deoptimization events (0 events):
No events

Classes loaded (0 events):
No events

Classes unloaded (0 events):
No events

Classes redefined (0 events):
No events

Internal exceptions (0 events):
No events

ZGC Phase Switch (0 events):
No events

VM Operations (0 events):
No events

Memory protections (0 events):
No events

Nmethod flushes (0 events):
No events

Events (1 events):
Event: 0.319 Thread 0x000001f32ee6d120 Thread added: 0x000001f32ee6d120


Dynamic libraries:
0x00007ff614f50000 - 0x00007ff614f5e000 	c:\Users\AvilésGonzález\.vscode\extensions\redhat.java-1.56.0-win32-x64\jre\21.0.12.1-win32-x86_64\bin\java.exe
0x00007ffb29d20000 - 0x00007ffb29f86000 	C:\WINDOWS\SYSTEM32\ntdll.dll
0x00007ffb28020000 - 0x00007ffb280e9000 	C:\WINDOWS\System32\KERNEL32.DLL
0x00007ffb27640000 - 0x00007ffb27a3f000 	C:\WINDOWS\System32\KERNELBASE.dll
0x00007ffb274e0000 - 0x00007ffb2762c000 	C:\WINDOWS\System32\ucrtbase.dll
0x00007ffab4520000 - 0x00007ffab453e000 	c:\Users\AvilésGonzález\.vscode\extensions\redhat.java-1.56.0-win32-x64\jre\21.0.12.1-win32-x86_64\bin\VCRUNTIME140.dll
0x00007ffab4500000 - 0x00007ffab4518000 	c:\Users\AvilésGonzález\.vscode\extensions\redhat.java-1.56.0-win32-x64\jre\21.0.12.1-win32-x86_64\bin\jli.dll
0x00007ffb28a00000 - 0x00007ffb28bc6000 	C:\WINDOWS\System32\USER32.dll
0x00007ffb274b0000 - 0x00007ffb274d7000 	C:\WINDOWS\System32\win32u.dll
0x00007ffb0c5c0000 - 0x00007ffb0c851000 	C:\WINDOWS\WinSxS\amd64_microsoft.windows.common-controls_6595b64144ccf1df_6.0.26100.8972_none_3e0da176e32f9d4b\COMCTL32.dll
0x00007ffb27b50000 - 0x00007ffb27b7b000 	C:\WINDOWS\System32\GDI32.dll
0x00007ffb280f0000 - 0x00007ffb28199000 	C:\WINDOWS\System32\msvcrt.dll
0x00007ffb27380000 - 0x00007ffb274a9000 	C:\WINDOWS\System32\gdi32full.dll
0x00007ffb27210000 - 0x00007ffb272b3000 	C:\WINDOWS\System32\msvcp_win.dll
0x00007ffb27b10000 - 0x00007ffb27b42000 	C:\WINDOWS\System32\IMM32.DLL
0x00007ffb1a980000 - 0x00007ffb1a98c000 	c:\Users\AvilésGonzález\.vscode\extensions\redhat.java-1.56.0-win32-x64\jre\21.0.12.1-win32-x86_64\bin\vcruntime140_1.dll
0x00007ffaaa6e0000 - 0x00007ffaaa76d000 	c:\Users\AvilésGonzález\.vscode\extensions\redhat.java-1.56.0-win32-x64\jre\21.0.12.1-win32-x86_64\bin\msvcp140.dll
0x00007ffa79e90000 - 0x00007ffa7ac32000 	c:\Users\AvilésGonzález\.vscode\extensions\redhat.java-1.56.0-win32-x64\jre\21.0.12.1-win32-x86_64\bin\server\jvm.dll
0x00007ffb27f50000 - 0x00007ffb2800c000 	C:\WINDOWS\System32\ADVAPI32.dll
0x00007ffb29c30000 - 0x00007ffb29cda000 	C:\WINDOWS\System32\sechost.dll
0x00007ffb29860000 - 0x00007ffb29978000 	C:\WINDOWS\System32\RPCRT4.dll
0x00007ffb29b20000 - 0x00007ffb29ba2000 	C:\WINDOWS\System32\WS2_32.dll
0x00007ffb26db0000 - 0x00007ffb26e0e000 	C:\WINDOWS\SYSTEM32\POWRPROF.dll
0x00007ffb0ba20000 - 0x00007ffb0ba56000 	C:\WINDOWS\SYSTEM32\WINMM.dll
0x00007ffb11660000 - 0x00007ffb1166b000 	C:\WINDOWS\SYSTEM32\VERSION.dll
0x00007ffb26d90000 - 0x00007ffb26da5000 	C:\WINDOWS\SYSTEM32\UMPDC.dll
0x00007ffb25c20000 - 0x00007ffb25c3b000 	C:\WINDOWS\SYSTEM32\kernel.appcore.dll
0x00007ffb1a900000 - 0x00007ffb1a90a000 	c:\Users\AvilésGonzález\.vscode\extensions\redhat.java-1.56.0-win32-x64\jre\21.0.12.1-win32-x86_64\bin\jimage.dll
0x00007ffb24410000 - 0x00007ffb24652000 	C:\WINDOWS\SYSTEM32\DBGHELP.DLL
0x00007ffb294d0000 - 0x00007ffb29855000 	C:\WINDOWS\System32\combase.dll
0x00007ffb28830000 - 0x00007ffb28909000 	C:\WINDOWS\System32\OLEAUT32.dll
0x00007ffb0d800000 - 0x00007ffb0d83b000 	C:\WINDOWS\SYSTEM32\dbgcore.DLL
0x00007ffb272c0000 - 0x00007ffb2736c000 	C:\WINDOWS\System32\bcryptPrimitives.dll
0x00007ffafe520000 - 0x00007ffafe52f000 	c:\Users\AvilésGonzález\.vscode\extensions\redhat.java-1.56.0-win32-x64\jre\21.0.12.1-win32-x86_64\bin\instrument.dll
0x00007ffab3a30000 - 0x00007ffab3a50000 	c:\Users\AvilésGonzález\.vscode\extensions\redhat.java-1.56.0-win32-x64\jre\21.0.12.1-win32-x86_64\bin\java.dll

JVMTI agents:
c:\Users\AvilésGonzález\.vscode\extensions\redhat.java-1.56.0-win32-x64\lombok\lombok-1.18.39-4050.jar path:none, loaded, not initialized, instrumentlib options:none

dbghelp: loaded successfully - version: 4.0.5 - missing functions: none
symbol engine: initialized successfully - sym options: 0x614 - pdb path: .;c:\Users\AvilésGonzález\.vscode\extensions\redhat.java-1.56.0-win32-x64\jre\21.0.12.1-win32-x86_64\bin;C:\WINDOWS\SYSTEM32;C:\WINDOWS\WinSxS\amd64_microsoft.windows.common-controls_6595b64144ccf1df_6.0.26100.8972_none_3e0da176e32f9d4b;c:\Users\AvilésGonzález\.vscode\extensions\redhat.java-1.56.0-win32-x64\jre\21.0.12.1-win32-x86_64\bin\server

VM Arguments:
jvm_args: --add-modules=ALL-SYSTEM --add-opens=java.base/java.util=ALL-UNNAMED --add-opens=java.base/java.lang=ALL-UNNAMED --add-opens=java.base/sun.nio.fs=ALL-UNNAMED -Declipse.application=org.eclipse.jdt.ls.core.id1 -Dosgi.bundles.defaultStartLevel=4 -Declipse.product=org.eclipse.jdt.ls.core.product -Djava.import.generatesMetadataFilesAtProjectRoot=false -Dm2e.project.cache.size=50 -DDetectVMInstallationsJob.disabled=true -Dfile.encoding=utf8 -XX:+UseParallelGC -XX:GCTimeRatio=4 -XX:AdaptiveSizePolicyWeight=90 -Dsun.zip.disableMemoryMapping=true -Xmx2G -Xms100m -Xlog:disable -javaagent:c:\Users\AvilésGonzález\.vscode\extensions\redhat.java-1.56.0-win32-x64\lombok\lombok-1.18.39-4050.jar -XX:+HeapDumpOnOutOfMemoryError -XX:HeapDumpPath=c:\Users\AvilésGonzález\AppData\Roaming\Code\User\workspaceStorage\eb47554d324a7a1f0cecd96c3bd2395f\redhat.java -Daether.dependencyCollector.impl=bf 
java_command: c:\Users\AvilésGonzález\.vscode\extensions\redhat.java-1.56.0-win32-x64\server\plugins\org.eclipse.equinox.launcher_1.8.0.v20260804-1928.jar -configuration c:\Users\AvilésGonzález\AppData\Roaming\Code\User\globalStorage\redhat.java\1.56.0\config_win -data c:\Users\AvilésGonzález\AppData\Roaming\Code\User\workspaceStorage\eb47554d324a7a1f0cecd96c3bd2395f\redhat.java\jdt_ws --pipe=\\.\pipe\lsp-28138704fe921a63473334adff0088a8-sock
java_class_path (initial): c:\Users\AvilésGonzález\.vscode\extensions\redhat.java-1.56.0-win32-x64\server\plugins\org.eclipse.equinox.launcher_1.8.0.v20260804-1928.jar
Launcher Type: SUN_STANDARD

[Global flags]
    uintx AdaptiveSizePolicyWeight                 = 90                                        {product} {command line}
     intx CICompilerCount                          = 4                                         {product} {ergonomic}
    uintx GCTimeRatio                              = 4                                         {product} {command line}
     bool HeapDumpOnOutOfMemoryError               = true                                   {manageable} {command line}
    ccstr HeapDumpPath                             = c:\Users\AvilésGonzález\AppData\Roaming\Code\User\workspaceStorage\eb47554d324a7a1f0cecd96c3bd2395f\redhat.java         {manageable} {command line}
   size_t InitialHeapSize                          = 104857600                                 {product} {command line}
   size_t MaxHeapSize                              = 2147483648                                {product} {command line}
   size_t MaxNewSize                               = 715653120                                 {product} {ergonomic}
   size_t MinHeapDeltaBytes                        = 524288                                    {product} {ergonomic}
   size_t MinHeapSize                              = 104857600                                 {product} {command line}
   size_t NewSize                                  = 34603008                                  {product} {ergonomic}
    uintx NonNMethodCodeHeapSize                   = 5839372                                {pd product} {ergonomic}
    uintx NonProfiledCodeHeapSize                  = 122909434                              {pd product} {ergonomic}
   size_t OldSize                                  = 70254592                                  {product} {ergonomic}
    uintx ProfiledCodeHeapSize                     = 122909434                              {pd product} {ergonomic}
    uintx ReservedCodeCacheSize                    = 251658240                              {pd product} {ergonomic}
     bool SegmentedCodeCache                       = true                                      {product} {ergonomic}
   size_t SoftMaxHeapSize                          = 2147483648                             {manageable} {ergonomic}
     bool UseCompressedOops                        = true                           {product lp64_product} {ergonomic}
     bool UseLargePagesIndividualAllocation        = false                                  {pd product} {ergonomic}
     bool UseParallelGC                            = true                                      {product} {command line}

Logging:
Log output configuration:
 #0: stdout all=off uptime,level,tags foldmultilines=false
 #1: stderr all=off uptime,level,tags foldmultilines=false

Release file:
<release file has not been read>
Environment Variables:
JAVA_HOME=C:\Program Files\Java\jdk-22
PATH=C:\Program Files\Common Files\Oracle\Java\javapath;C:\Program Files (x86)\Common Files\Oracle\Java\javapath;C:\Program Files\Microsoft\jdk-11.0.16.101-hotspot\bin;C:\Windows\System32\HWAudioDriverLibs;C:\Windows\system32;C:\Windows;C:\Windows\System32\Wbem;C:\Windows\System32\WindowsPowerShell\v1.0\;C:\Windows\System32\OpenSSH\;C:\Users\Administrator\AppData\Local\Microsoft\WindowsApps;C:\Program Files\Microsoft SQL Server\150\Tools\Binn\;C:\Windows\system32\config\systemprofile\AppData\Local\Microsoft\WindowsApps;C:\windows\system32\HWAudioDriver\;C:\Program Files\Java\jdk-22\bin;C:\Program Files\nodejs\;C:\WINDOWS\system32;C:\WINDOWS;C:\WINDOWS\System32\Wbem;C:\WINDOWS\System32\WindowsPowerShell\v1.0\;C:\WINDOWS\System32\OpenSSH\;C:\Program Files\CMake\bin;D:\Git\cmd;C:\Program Files\dotnet\;C:\Users\AvilésGonzález\AppData\Local\Packages\PythonSoftwareFoundation.Python.3.12_qbz5n2kfra8p0\LocalCache\local-packages\Python312\Scripts;D:\msys64\ucrt64\bin;C:\Users\AvilésGonzález\AppData\Local\Microsoft\WindowsApps;C:\Users\AvilésGonzález\AppData\Local\Programs\Microsoft VS Code\bin;C:\Users\AvilésGonzález\AppData\Local\Programs\Julia-1.11.3\bin;C:\Users\AvilésGonzález\AppData\Roaming\npm;C:\Users\AvilésGonzález\AppData\Local\GitHubDesktop\bin;C:\Users\AvilésGonzález\.dotnet\tools
USERNAME=AvilésGonzález
OS=Windows_NT
PROCESSOR_IDENTIFIER=Intel64 Family 6 Model 154 Stepping 3, GenuineIntel
TMP=C:\Users\AVILSG~1\AppData\Local\Temp
TEMP=C:\Users\AVILSG~1\AppData\Local\Temp




Periodic native trim disabled

---------------  S Y S T E M  ---------------

OS:
 Windows 11 , 64 bit Build 26100 (10.0.26100.9168)
OS uptime: 20 days 17:21 hours
Hyper-V role detected

CPU: total 12 (initial active 12) (6 cores per cpu, 2 threads per core) family 6 model 154 stepping 3 microcode 0x41e, cx8, cmov, fxsr, ht, mmx, 3dnowpref, sse, sse2, sse3, ssse3, sse4.1, sse4.2, popcnt, lzcnt, tsc, tscinvbit, avx, avx2, aes, erms, clmul, bmi1, bmi2, adx, sha, fma, vzeroupper, clflush, clflushopt, clwb, hv, serialize, rdtscp, rdpid, fsrm, f16c, cet_ibt, cet_ss
Processor Information for processor 0
  Max Mhz: 2000, Current Mhz: 1520, Mhz Limit: 2000
Processor Information for processor 1
  Max Mhz: 2000, Current Mhz: 2000, Mhz Limit: 2000
Processor Information for processor 2
  Max Mhz: 2000, Current Mhz: 2000, Mhz Limit: 2000
Processor Information for processor 3
  Max Mhz: 2000, Current Mhz: 2000, Mhz Limit: 2000
Processor Information for processor 4
  Max Mhz: 2000, Current Mhz: 2000, Mhz Limit: 2000
Processor Information for processor 5
  Max Mhz: 2000, Current Mhz: 2000, Mhz Limit: 2000
Processor Information for processor 6
  Max Mhz: 2000, Current Mhz: 2000, Mhz Limit: 2000
Processor Information for processor 7
  Max Mhz: 2000, Current Mhz: 2000, Mhz Limit: 2000
Processor Information for processor 8
  Max Mhz: 2000, Current Mhz: 1500, Mhz Limit: 1500
Processor Information for processor 9
  Max Mhz: 2000, Current Mhz: 1500, Mhz Limit: 1500
Processor Information for processor 10
  Max Mhz: 2000, Current Mhz: 1500, Mhz Limit: 1500
Processor Information for processor 11
  Max Mhz: 2000, Current Mhz: 1500, Mhz Limit: 1500

Memory: 4k page, system-wide physical 16110M (3655M free)
TotalPageFile size 18312M (AvailPageFile size 4M)
current process WorkingSet (physical memory assigned to process): 26M, peak: 26M
current process commit charge ("private bytes"): 196M, peak: 197M

vm_info: OpenJDK 64-Bit Server VM (21.0.12.1+1-LTS) for windows-amd64 JRE (21.0.12.1+1-LTS), built on 2026-08-18T00:00:00Z by "admin" with MS VC++ 17.12 (VS2022)

END.
