#
# There is insufficient memory for the Java Runtime Environment to continue.
# Native memory allocation (malloc) failed to allocate 131088 bytes. Error detail: Chunk::new
# Possible reasons:
#   The system is out of physical RAM or swap space
#   This process is running with CompressedOops enabled, and the Java Heap may be blocking the growth of the native heap
# Possible solutions:
#   Reduce memory load on the system
#   Increase physical memory or swap space
#   Check if swap backing store is full
#   Decrease Java heap size (-Xmx/-Xms)
#   Decrease number of Java threads
#   Decrease Java thread stack sizes (-Xss)
#   Set larger code cache with -XX:ReservedCodeCacheSize=
#   JVM is running with Unscaled Compressed Oops mode in which the Java heap is
#     placed in the first 4GB address space. The Java Heap base address is the
#     maximum limit for the native heap growth. Please use -XX:HeapBaseMinAddress
#     to set the Java Heap base and to place the Java Heap above 4GB virtual address.
# This output file may be truncated or incomplete.
#
#  Out of Memory Error (arena.cpp:168), pid=21628, tid=22184
#
# JRE version: OpenJDK Runtime Environment Temurin-21.0.12.1+1 (21.0.12.1+1) (build 21.0.12.1+1-LTS)
# Java VM: OpenJDK 64-Bit Server VM Temurin-21.0.12.1+1 (21.0.12.1+1-LTS, mixed mode, sharing, tiered, compressed oops, compressed class ptrs, parallel gc, windows-amd64)
# No core dump will be written. Minidumps are not enabled by default on client versions of Windows
#

---------------  S U M M A R Y ------------

Command Line: --add-modules=ALL-SYSTEM --add-opens=java.base/java.util=ALL-UNNAMED --add-opens=java.base/java.lang=ALL-UNNAMED --add-opens=java.base/sun.nio.fs=ALL-UNNAMED -Declipse.application=org.eclipse.jdt.ls.core.id1 -Dosgi.bundles.defaultStartLevel=4 -Declipse.product=org.eclipse.jdt.ls.core.product -Djava.import.generatesMetadataFilesAtProjectRoot=false -Dm2e.project.cache.size=50 -DDetectVMInstallationsJob.disabled=true -Dfile.encoding=utf8 -XX:+UseParallelGC -XX:GCTimeRatio=4 -XX:AdaptiveSizePolicyWeight=90 -Dsun.zip.disableMemoryMapping=true -Xmx2G -Xms100m -Xlog:disable -javaagent:c:\Users\AvilésGonzález\.vscode\extensions\redhat.java-1.56.0-win32-x64\lombok\lombok-1.18.39-4050.jar -XX:+HeapDumpOnOutOfMemoryError -XX:HeapDumpPath=c:\Users\AvilésGonzález\AppData\Roaming\Code\User\workspaceStorage\eb47554d324a7a1f0cecd96c3bd2395f\redhat.java -Daether.dependencyCollector.impl=bf c:\Users\AvilésGonzález\.vscode\extensions\redhat.java-1.56.0-win32-x64\server\plugins\org.eclipse.equinox.launcher_1.8.0.v20260804-1928.jar -configuration c:\Users\AvilésGonzález\AppData\Roaming\Code\User\globalStorage\redhat.java\1.56.0\config_win -data c:\Users\AvilésGonzález\AppData\Roaming\Code\User\workspaceStorage\eb47554d324a7a1f0cecd96c3bd2395f\redhat.java\jdt_ws --stdio

Host: 12th Gen Intel(R) Core(TM) i5-12450H, 12 cores, 15G,  Windows 11 , 64 bit Build 26100 (10.0.26100.9168)
Time: Thu Sep 10 17:48:43 2026 Hora estándar, América Central elapsed time: 27.284984 seconds (0d 0h 0m 27s)

---------------  T H R E A D  ---------------

Current thread (0x00000231f44bda90):  JavaThread "C2 CompilerThread2" daemon [_thread_in_native, id=22184, stack(0x000000ac25200000,0x000000ac25300000) (1024K)]


Current CompileTask:
C2:27285 6259   !   4       org.eclipse.osgi.internal.loader.classpath.ClasspathManager::findLocalClass (210 bytes)

Stack: [0x000000ac25200000,0x000000ac25300000]
Native frames: (J=compiled Java code, j=interpreted, Vv=VM code, C=native code)
V  [jvm.dll+0x6d83e9]
V  [jvm.dll+0x8b5736]
V  [jvm.dll+0x8b7cee]
V  [jvm.dll+0x8b83d3]
V  [jvm.dll+0x284596]
V  [jvm.dll+0xc685d]
V  [jvm.dll+0xc6da1]
V  [jvm.dll+0xc6985]
V  [jvm.dll+0x6b33cc]
V  [jvm.dll+0x611b5c]
V  [jvm.dll+0x60d43d]
V  [jvm.dll+0x5f4863]
V  [jvm.dll+0x5f8b3b]
V  [jvm.dll+0x5f826d]
V  [jvm.dll+0x5f8150]
V  [jvm.dll+0x5f82d0]
V  [jvm.dll+0x5ff652]
V  [jvm.dll+0x255d67]
V  [jvm.dll+0x25612d]
V  [jvm.dll+0x24e6a0]
V  [jvm.dll+0x24bbe6]
V  [jvm.dll+0x1cb4ae]
V  [jvm.dll+0x25baad]
V  [jvm.dll+0x25a03a]
V  [jvm.dll+0x3f8aae]
V  [jvm.dll+0x8600cd]
V  [jvm.dll+0x6d6c1d]
C  [ucrtbase.dll+0x2cd30]
C  [KERNEL32.DLL+0x2ccb7]
C  [ntdll.dll+0xaad6c]


---------------  P R O C E S S  ---------------

Threads class SMR info:
_java_thread_list=0x00000231f72479b0, length=42, elements={
0x00000231d31bafb0, 0x00000231d32643c0, 0x00000231e9c6da60, 0x00000231d3266b00,
0x00000231d3268bf0, 0x00000231d32699e0, 0x00000231d3270b10, 0x00000231d3279910,
0x00000231d327a5c0, 0x00000231eb1d3540, 0x00000231eb1d2eb0, 0x00000231eb1d3bd0,
0x00000231eb1d1470, 0x00000231eb1d0750, 0x00000231eb1d2820, 0x00000231eb1d0de0,
0x00000231eb1d1b00, 0x00000231eb1d2190, 0x00000231f443bc10, 0x00000231f44394b0,
0x00000231f443aef0, 0x00000231f33d3a80, 0x00000231f4438790, 0x00000231f44bda90,
0x00000231f443a1d0, 0x00000231f4439b40, 0x00000231f443a860, 0x00000231f443b580,
0x00000231f4438e20, 0x00000231f5a811f0, 0x00000231f5a80b60, 0x00000231f5a81880,
0x00000231f5a7fe40, 0x00000231f5a81f10, 0x00000231f5a7f120, 0x00000231f5a7ea90,
0x00000231f5a825a0, 0x00000231f5a804d0, 0x00000231f5a82c30, 0x00000231f5a7f7b0,
0x00000231f5a860b0, 0x00000231f5a84670
}

Java Threads: ( => current thread )
  0x00000231d31bafb0 JavaThread "main"                              [_thread_blocked, id=27360, stack(0x000000ac23000000,0x000000ac23100000) (1024K)]
  0x00000231d32643c0 JavaThread "Reference Handler"          daemon [_thread_blocked, id=1652, stack(0x000000ac23400000,0x000000ac23500000) (1024K)]
  0x00000231e9c6da60 JavaThread "Finalizer"                  daemon [_thread_blocked, id=696, stack(0x000000ac23500000,0x000000ac23600000) (1024K)]
  0x00000231d3266b00 JavaThread "Signal Dispatcher"          daemon [_thread_blocked, id=25924, stack(0x000000ac23600000,0x000000ac23700000) (1024K)]
  0x00000231d3268bf0 JavaThread "Attach Listener"            daemon [_thread_blocked, id=3376, stack(0x000000ac23700000,0x000000ac23800000) (1024K)]
  0x00000231d32699e0 JavaThread "Service Thread"             daemon [_thread_blocked, id=11660, stack(0x000000ac23800000,0x000000ac23900000) (1024K)]
  0x00000231d3270b10 JavaThread "Monitor Deflation Thread"   daemon [_thread_blocked, id=8696, stack(0x000000ac23900000,0x000000ac23a00000) (1024K)]
  0x00000231d3279910 JavaThread "C2 CompilerThread0"         daemon [_thread_in_vm, id=22108, stack(0x000000ac23a00000,0x000000ac23b00000) (1024K)]
  0x00000231d327a5c0 JavaThread "C1 CompilerThread0"         daemon [_thread_blocked, id=23024, stack(0x000000ac23b00000,0x000000ac23c00000) (1024K)]
  0x00000231eb1d3540 JavaThread "Common-Cleaner"             daemon [_thread_blocked, id=2568, stack(0x000000ac23d00000,0x000000ac23e00000) (1024K)]
  0x00000231eb1d2eb0 JavaThread "Notification Thread"        daemon [_thread_blocked, id=26672, stack(0x000000ac23e00000,0x000000ac23f00000) (1024K)]
  0x00000231eb1d3bd0 JavaThread "Active Thread: Equinox Container: 6cad807f-a1af-48db-953e-faa7d3f6b8d6"        [_thread_blocked, id=20404, stack(0x000000ac24600000,0x000000ac24700000) (1024K)]
  0x00000231eb1d1470 JavaThread "Refresh Thread: Equinox Container: 6cad807f-a1af-48db-953e-faa7d3f6b8d6" daemon [_thread_blocked, id=24788, stack(0x000000ac24700000,0x000000ac24800000) (1024K)]
  0x00000231eb1d0750 JavaThread "Framework Event Dispatcher: Equinox Container: 6cad807f-a1af-48db-953e-faa7d3f6b8d6" daemon [_thread_blocked, id=13228, stack(0x000000ac24800000,0x000000ac24900000) (1024K)]
  0x00000231eb1d2820 JavaThread "Start Level: Equinox Container: 6cad807f-a1af-48db-953e-faa7d3f6b8d6" daemon [_thread_blocked, id=7916, stack(0x000000ac24900000,0x000000ac24a00000) (1024K)]
  0x00000231eb1d0de0 JavaThread "Bundle File Closer"         daemon [_thread_blocked, id=27280, stack(0x000000ac23f00000,0x000000ac24000000) (1024K)]
  0x00000231eb1d1b00 JavaThread "SCR Component Actor"        daemon [_thread_blocked, id=22764, stack(0x000000ac24c00000,0x000000ac24d00000) (1024K)]
  0x00000231eb1d2190 JavaThread "Worker-JM"                         [_thread_blocked, id=24284, stack(0x000000ac24f00000,0x000000ac25000000) (1024K)]
  0x00000231f443bc10 JavaThread "JNA Cleaner"                daemon [_thread_blocked, id=10216, stack(0x000000ac24e00000,0x000000ac24f00000) (1024K)]
  0x00000231f44394b0 JavaThread "Worker-0"                          [_thread_blocked, id=21392, stack(0x000000ac25000000,0x000000ac25100000) (1024K)]
  0x00000231f443aef0 JavaThread "Worker-1"                          [_thread_blocked, id=26808, stack(0x000000ac25100000,0x000000ac25200000) (1024K)]
  0x00000231f33d3a80 JavaThread "C2 CompilerThread1"         daemon [_thread_in_native, id=4424, stack(0x000000ac24d00000,0x000000ac24e00000) (1024K)]
  0x00000231f4438790 JavaThread "Worker-2"                          [_thread_blocked, id=20152, stack(0x000000ac25300000,0x000000ac25400000) (1024K)]
=>0x00000231f44bda90 JavaThread "C2 CompilerThread2"         daemon [_thread_in_native, id=22184, stack(0x000000ac25200000,0x000000ac25300000) (1024K)]
  0x00000231f443a1d0 JavaThread "Java indexing"              daemon [_thread_blocked, id=13100, stack(0x000000ac25400000,0x000000ac25500000) (1024K)]
  0x00000231f4439b40 JavaThread "Worker-3: Initialize Workspace"        [_thread_in_vm, id=1196, stack(0x000000ac25700000,0x000000ac25800000) (1024K)]
  0x00000231f443a860 JavaThread "Worker-4"                          [_thread_blocked, id=14688, stack(0x000000ac25800000,0x000000ac25900000) (1024K)]
  0x00000231f443b580 JavaThread "pool-2-thread-1"                   [_thread_blocked, id=2244, stack(0x000000ac25900000,0x000000ac25a00000) (1024K)]
  0x00000231f4438e20 JavaThread "WorkspaceEventsHandler"            [_thread_blocked, id=21360, stack(0x000000ac25b00000,0x000000ac25c00000) (1024K)]
  0x00000231f5a811f0 JavaThread "pool-1-thread-1"                   [_thread_blocked, id=19108, stack(0x000000ac25c00000,0x000000ac25d00000) (1024K)]
  0x00000231f5a80b60 JavaThread "PatternSearchJob-worker-1"  daemon [_thread_blocked, id=16892, stack(0x000000ac25d00000,0x000000ac25e00000) (1024K)]
  0x00000231f5a81880 JavaThread "PatternSearchJob-worker-2"  daemon [_thread_blocked, id=10104, stack(0x000000ac25e00000,0x000000ac25f00000) (1024K)]
  0x00000231f5a7fe40 JavaThread "PatternSearchJob-worker-3"  daemon [_thread_blocked, id=6540, stack(0x000000ac25f00000,0x000000ac26000000) (1024K)]
  0x00000231f5a81f10 JavaThread "PatternSearchJob-worker-4"  daemon [_thread_blocked, id=27708, stack(0x000000ac26000000,0x000000ac26100000) (1024K)]
  0x00000231f5a7f120 JavaThread "PatternSearchJob-worker-5"  daemon [_thread_blocked, id=12712, stack(0x000000ac26100000,0x000000ac26200000) (1024K)]
  0x00000231f5a7ea90 JavaThread "PatternSearchJob-worker-6"  daemon [_thread_blocked, id=10832, stack(0x000000ac26200000,0x000000ac26300000) (1024K)]
  0x00000231f5a825a0 JavaThread "PatternSearchJob-worker-7"  daemon [_thread_blocked, id=16036, stack(0x000000ac26300000,0x000000ac26400000) (1024K)]
  0x00000231f5a804d0 JavaThread "PatternSearchJob-worker-8"  daemon [_thread_blocked, id=22376, stack(0x000000ac26400000,0x000000ac26500000) (1024K)]
  0x00000231f5a82c30 JavaThread "PatternSearchJob-worker-9"  daemon [_thread_blocked, id=7968, stack(0x000000ac26500000,0x000000ac26600000) (1024K)]
  0x00000231f5a7f7b0 JavaThread "PatternSearchJob-worker-10" daemon [_thread_blocked, id=12724, stack(0x000000ac26600000,0x000000ac26700000) (1024K)]
  0x00000231f5a860b0 JavaThread "PatternSearchJob-worker-11" daemon [_thread_blocked, id=16312, stack(0x000000ac26700000,0x000000ac26800000) (1024K)]
  0x00000231f5a84670 JavaThread "Keep-Alive-Timer"           daemon [_thread_blocked, id=9612, stack(0x000000ac26800000,0x000000ac26900000) (1024K)]
Total: 42

Other Threads:
  0x00000231d325fa80 VMThread "VM Thread"                           [id=29076, stack(0x000000ac23300000,0x000000ac23400000) (1024K)]
  0x00000231d322afe0 WatcherThread "VM Periodic Task Thread"        [id=9456, stack(0x000000ac23200000,0x000000ac23300000) (1024K)]
  0x00000231d31da870 WorkerThread "GC Thread#0"                     [id=13532, stack(0x000000ac23100000,0x000000ac23200000) (1024K)]
  0x00000231f3922de0 WorkerThread "GC Thread#1"                     [id=26664, stack(0x000000ac24000000,0x000000ac24100000) (1024K)]
  0x00000231f3a40ed0 WorkerThread "GC Thread#2"                     [id=9292, stack(0x000000ac24100000,0x000000ac24200000) (1024K)]
  0x00000231f3a41280 WorkerThread "GC Thread#3"                     [id=23748, stack(0x000000ac24200000,0x000000ac24300000) (1024K)]
  0x00000231f336c610 WorkerThread "GC Thread#4"                     [id=14424, stack(0x000000ac24300000,0x000000ac24400000) (1024K)]
  0x00000231f336cdd0 WorkerThread "GC Thread#5"                     [id=27628, stack(0x000000ac24400000,0x000000ac24500000) (1024K)]
  0x00000231f39ce9f0 WorkerThread "GC Thread#6"                     [id=29632, stack(0x000000ac24500000,0x000000ac24600000) (1024K)]
  0x00000231f3172d50 WorkerThread "GC Thread#7"                     [id=7088, stack(0x000000ac23c00000,0x000000ac23d00000) (1024K)]
  0x00000231f36bce00 WorkerThread "GC Thread#8"                     [id=25760, stack(0x000000ac24a00000,0x000000ac24b00000) (1024K)]
  0x00000231f3cda760 WorkerThread "GC Thread#9"                     [id=2524, stack(0x000000ac24b00000,0x000000ac24c00000) (1024K)]
Total: 12

Threads with active compile tasks:
C2 CompilerThread0  27329 6498       4       java.util.regex.Matcher::reset (128 bytes)
C2 CompilerThread1  27330 6261   !   4       org.eclipse.osgi.internal.loader.BundleLoader::findLocalClass (159 bytes)
C2 CompilerThread2  27330 6259   !   4       org.eclipse.osgi.internal.loader.classpath.ClasspathManager::findLocalClass (210 bytes)
Total: 3

VM state: not at safepoint (normal execution)

VM Mutex/Monitor currently owned by a thread: None

Heap address: 0x0000000080000000, size: 2048 MB, Compressed Oops mode: 32-bit

CDS archive(s) mapped at: [0x0000023180000000-0x0000023180ba0000-0x0000023180ba0000), size 12189696, SharedBaseAddress: 0x0000023180000000, ArchiveRelocationMode: 1.
Compressed class space mapped at: 0x0000023181000000-0x00000231c1000000, reserved size: 1073741824
Narrow klass base: 0x0000023180000000, Narrow klass shift: 0, Narrow klass range: 0x100000000

GC Precious Log:
 CardTable entry size: 512
 CPUs: 12 total, 12 available
 Memory: 16110M
 Large Page Support: Disabled
 NUMA Support: Disabled
 Compressed Oops: Enabled (32-bit)
 Alignments: Space 512K, Generation 512K, Heap 2M
 Heap Min Capacity: 100M
 Heap Initial Capacity: 100M
 Heap Max Capacity: 2G
 Pre-touch: Disabled
 Parallel Workers: 10

Heap:
 PSYoungGen      total 23552K, used 5072K [0x00000000d5580000, 0x00000000d7400000, 0x0000000100000000)
  eden space 21504K, 14% used [0x00000000d5580000,0x00000000d587c0f0,0x00000000d6a80000)
  from space 2048K, 98% used [0x00000000d6f00000,0x00000000d70f8010,0x00000000d7100000)
  to   space 4608K, 0% used [0x00000000d6a80000,0x00000000d6a80000,0x00000000d6f00000)
 ParOldGen       total 68608K, used 30327K [0x0000000080000000, 0x0000000084300000, 0x00000000d5580000)
  object space 68608K, 44% used [0x0000000080000000,0x0000000081d9dd30,0x0000000084300000)
 Metaspace       used 50968K, committed 52288K, reserved 1114112K
  class space    used 5683K, committed 6272K, reserved 1048576K

Card table byte_map: [0x00000231d2b60000,0x00000231d2f70000] _byte_map_base: 0x00000231d2760000

Marking Bits: (ParMarkBitMap*) 0x00007ffa7ab544a0
 Begin Bits: [0x00000231e5670000, 0x00000231e7670000)
 End Bits:   [0x00000231e7670000, 0x00000231e9670000)

Polling page: 0x00000231d1050000

Metaspace:

Usage:
  Non-class:     44.22 MB used.
      Class:      5.55 MB used.
       Both:     49.77 MB used.

Virtual space:
  Non-class space:       64.00 MB reserved,      44.94 MB ( 70%) committed,  1 nodes.
      Class space:        1.00 GB reserved,       6.12 MB ( <1%) committed,  1 nodes.
             Both:        1.06 GB reserved,      51.06 MB (  5%) committed. 

Chunk freelists:
   Non-Class:  2.58 MB
       Class:  9.90 MB
        Both:  12.48 MB

MaxMetaspaceSize: unlimited
CompressedClassSpaceSize: 1.00 GB
Initial GC threshold: 21.00 MB
Current GC threshold: 58.38 MB
CDS: on
 - commit_granule_bytes: 65536.
 - commit_granule_words: 8192.
 - virtual_space_node_default_size: 8388608.
 - enlarge_chunks_in_place: 1.
 - use_allocation_guard: 0.


Internal statistics:

num_allocs_failed_limit: 6.
num_arena_births: 998.
num_arena_deaths: 14.
num_vsnodes_births: 2.
num_vsnodes_deaths: 0.
num_space_committed: 817.
num_space_uncommitted: 0.
num_chunks_returned_to_freelist: 20.
num_chunks_taken_from_freelist: 3194.
num_chunk_merges: 9.
num_chunk_splits: 1949.
num_chunks_enlarged: 1056.
num_inconsistent_stats: 0.

CodeHeap 'non-profiled nmethods': size=120000Kb used=2957Kb max_used=2957Kb free=117042Kb
 bounds [0x00000231dde90000, 0x00000231de180000, 0x00000231e53c0000]
CodeHeap 'profiled nmethods': size=120000Kb used=11981Kb max_used=11981Kb free=108019Kb
 bounds [0x00000231d63c0000, 0x00000231d6f80000, 0x00000231dd8f0000]
CodeHeap 'non-nmethods': size=5760Kb used=1406Kb max_used=1475Kb free=4353Kb
 bounds [0x00000231dd8f0000, 0x00000231ddb60000, 0x00000231dde90000]
CodeCache: size=245760Kb, used=16344Kb, max_used=16413Kb, free=229414Kb
 total_blobs=6632, nmethods=5924, adapters=614, full_count=0
Compilation: enabled, stopped_count=0, restarted_count=0

Compilation events (20 events):
Event: 27.229 Thread 0x00000231d3279910 nmethod 6331 0x00000231de16fa90 code [0x00000231de16fc20, 0x00000231de16fd00]
Event: 27.229 Thread 0x00000231d3279910 6330       4       java.lang.Long::hashCode (8 bytes)
Event: 27.230 Thread 0x00000231d3279910 nmethod 6330 0x00000231de16fd90 code [0x00000231de16ff00, 0x00000231de16ff78]
Event: 27.232 Thread 0x00000231d327a5c0 6487       3       java.util.regex.Pattern$CharProperty::study (29 bytes)
Event: 27.232 Thread 0x00000231d327a5c0 nmethod 6487 0x00000231d6f6a910 code [0x00000231d6f6aac0, 0x00000231d6f6acb8]
Event: 27.255 Thread 0x00000231d327a5c0 6488       3       java.lang.invoke.VarHandleGuards::guard_LI_I (78 bytes)
Event: 27.256 Thread 0x00000231d3279910 6489       4       com.google.inject.TypeLiteral::<init> (43 bytes)
Event: 27.257 Thread 0x00000231d327a5c0 nmethod 6488 0x00000231d6f6ad90 code [0x00000231d6f6b0c0, 0x00000231d6f6c898]
Event: 27.261 Thread 0x00000231d327a5c0 6491       3       com.google.inject.internal.BindingImpl::getProvider (44 bytes)
Event: 27.262 Thread 0x00000231d327a5c0 nmethod 6491 0x00000231d6f6d090 code [0x00000231d6f6d260, 0x00000231d6f6d510]
Event: 27.267 Thread 0x00000231d327a5c0 6493       3       java.lang.Character::codePointBefore (48 bytes)
Event: 27.268 Thread 0x00000231d327a5c0 nmethod 6493 0x00000231d6f6d610 code [0x00000231d6f6d800, 0x00000231d6f6dd88]
Event: 27.268 Thread 0x00000231d327a5c0 6494       3       java.lang.Character::isLowSurrogate (18 bytes)
Event: 27.268 Thread 0x00000231d327a5c0 nmethod 6494 0x00000231d6f6df10 code [0x00000231d6f6e0a0, 0x00000231d6f6e218]
Event: 27.271 Thread 0x00000231d327a5c0 6495       3       com.google.inject.internal.Scoping$4::acceptVisitor (10 bytes)
Event: 27.271 Thread 0x00000231d327a5c0 nmethod 6495 0x00000231d6f6e290 code [0x00000231d6f6e440, 0x00000231d6f6e628]
Event: 27.271 Thread 0x00000231d327a5c0 6496       1       com.google.inject.Key$AnnotationTypeStrategy::hasAttributes (2 bytes)
Event: 27.271 Thread 0x00000231d327a5c0 nmethod 6496 0x00000231de170090 code [0x00000231de170220, 0x00000231de1702e8]
Event: 27.272 Thread 0x00000231d327a5c0 6497       3       org.eclipse.core.internal.jobs.InternalJob::getState (60 bytes)
Event: 27.272 Thread 0x00000231d327a5c0 nmethod 6497 0x00000231d6f6e710 code [0x00000231d6f6e8c0, 0x00000231d6f6eae8]

GC Heap History (20 events):
Event: 23.809 GC heap before
{Heap before GC invocations=13 (full 1):
 PSYoungGen      total 24576K, used 24178K [0x00000000d5580000, 0x00000000d7280000, 0x0000000100000000)
  eden space 22528K, 100% used [0x00000000d5580000,0x00000000d6b80000,0x00000000d6b80000)
  from space 2048K, 80% used [0x00000000d6c80000,0x00000000d6e1c9d8,0x00000000d6e80000)
  to   space 2560K, 0% used [0x00000000d7000000,0x00000000d7000000,0x00000000d7280000)
 ParOldGen       total 68608K, used 16458K [0x0000000080000000, 0x0000000084300000, 0x00000000d5580000)
  object space 68608K, 23% used [0x0000000080000000,0x00000000810129f8,0x0000000084300000)
 Metaspace       used 34043K, committed 35200K, reserved 1114112K
  class space    used 3534K, committed 4032K, reserved 1048576K
}
Event: 23.815 GC heap after
{Heap after GC invocations=13 (full 1):
 PSYoungGen      total 24064K, used 1460K [0x00000000d5580000, 0x00000000d7180000, 0x0000000100000000)
  eden space 22528K, 0% used [0x00000000d5580000,0x00000000d5580000,0x00000000d6b80000)
  from space 1536K, 95% used [0x00000000d7000000,0x00000000d716d2e0,0x00000000d7180000)
  to   space 2048K, 0% used [0x00000000d6d80000,0x00000000d6d80000,0x00000000d6f80000)
 ParOldGen       total 68608K, used 17770K [0x0000000080000000, 0x0000000084300000, 0x00000000d5580000)
  object space 68608K, 25% used [0x0000000080000000,0x000000008115ab00,0x0000000084300000)
 Metaspace       used 34043K, committed 35200K, reserved 1114112K
  class space    used 3534K, committed 4032K, reserved 1048576K
}
Event: 23.897 GC heap before
{Heap before GC invocations=14 (full 1):
 PSYoungGen      total 24064K, used 6005K [0x00000000d5580000, 0x00000000d7180000, 0x0000000100000000)
  eden space 22528K, 20% used [0x00000000d5580000,0x00000000d59f0220,0x00000000d6b80000)
  from space 1536K, 95% used [0x00000000d7000000,0x00000000d716d2e0,0x00000000d7180000)
  to   space 2048K, 0% used [0x00000000d6d80000,0x00000000d6d80000,0x00000000d6f80000)
 ParOldGen       total 68608K, used 17770K [0x0000000080000000, 0x0000000084300000, 0x00000000d5580000)
  object space 68608K, 25% used [0x0000000080000000,0x000000008115ab00,0x0000000084300000)
 Metaspace       used 34727K, committed 35840K, reserved 1114112K
  class space    used 3609K, committed 4096K, reserved 1048576K
}
Event: 23.900 GC heap after
{Heap after GC invocations=14 (full 1):
 PSYoungGen      total 24576K, used 672K [0x00000000d5580000, 0x00000000d7080000, 0x0000000100000000)
  eden space 22528K, 0% used [0x00000000d5580000,0x00000000d5580000,0x00000000d6b80000)
  from space 2048K, 32% used [0x00000000d6d80000,0x00000000d6e28000,0x00000000d6f80000)
  to   space 1024K, 0% used [0x00000000d6f80000,0x00000000d6f80000,0x00000000d7080000)
 ParOldGen       total 68608K, used 18999K [0x0000000080000000, 0x0000000084300000, 0x00000000d5580000)
  object space 68608K, 27% used [0x0000000080000000,0x000000008128ded8,0x0000000084300000)
 Metaspace       used 34727K, committed 35840K, reserved 1114112K
  class space    used 3609K, committed 4096K, reserved 1048576K
}
Event: 23.900 GC heap before
{Heap before GC invocations=15 (full 2):
 PSYoungGen      total 24576K, used 672K [0x00000000d5580000, 0x00000000d7080000, 0x0000000100000000)
  eden space 22528K, 0% used [0x00000000d5580000,0x00000000d5580000,0x00000000d6b80000)
  from space 2048K, 32% used [0x00000000d6d80000,0x00000000d6e28000,0x00000000d6f80000)
  to   space 1024K, 0% used [0x00000000d6f80000,0x00000000d6f80000,0x00000000d7080000)
 ParOldGen       total 68608K, used 18999K [0x0000000080000000, 0x0000000084300000, 0x00000000d5580000)
  object space 68608K, 27% used [0x0000000080000000,0x000000008128ded8,0x0000000084300000)
 Metaspace       used 34727K, committed 35840K, reserved 1114112K
  class space    used 3609K, committed 4096K, reserved 1048576K
}
Event: 23.954 GC heap after
{Heap after GC invocations=15 (full 2):
 PSYoungGen      total 24576K, used 0K [0x00000000d5580000, 0x00000000d7080000, 0x0000000100000000)
  eden space 22528K, 0% used [0x00000000d5580000,0x00000000d5580000,0x00000000d6b80000)
  from space 2048K, 0% used [0x00000000d6d80000,0x00000000d6d80000,0x00000000d6f80000)
  to   space 1024K, 0% used [0x00000000d6f80000,0x00000000d6f80000,0x00000000d7080000)
 ParOldGen       total 68608K, used 18615K [0x0000000080000000, 0x0000000084300000, 0x00000000d5580000)
  object space 68608K, 27% used [0x0000000080000000,0x000000008122de90,0x0000000084300000)
 Metaspace       used 34727K, committed 35840K, reserved 1114112K
  class space    used 3609K, committed 4096K, reserved 1048576K
}
Event: 24.190 GC heap before
{Heap before GC invocations=16 (full 2):
 PSYoungGen      total 24576K, used 22528K [0x00000000d5580000, 0x00000000d7080000, 0x0000000100000000)
  eden space 22528K, 100% used [0x00000000d5580000,0x00000000d6b80000,0x00000000d6b80000)
  from space 2048K, 0% used [0x00000000d6d80000,0x00000000d6d80000,0x00000000d6f80000)
  to   space 1024K, 0% used [0x00000000d6f80000,0x00000000d6f80000,0x00000000d7080000)
 ParOldGen       total 68608K, used 18617K [0x0000000080000000, 0x0000000084300000, 0x00000000d5580000)
  object space 68608K, 27% used [0x0000000080000000,0x000000008122e6a0,0x0000000084300000)
 Metaspace       used 36429K, committed 37632K, reserved 1114112K
  class space    used 3836K, committed 4352K, reserved 1048576K
}
Event: 24.194 GC heap after
{Heap after GC invocations=16 (full 2):
 PSYoungGen      total 23040K, used 1010K [0x00000000d5580000, 0x00000000d7300000, 0x0000000100000000)
  eden space 22016K, 0% used [0x00000000d5580000,0x00000000d5580000,0x00000000d6b00000)
  from space 1024K, 98% used [0x00000000d6f80000,0x00000000d707ca78,0x00000000d7080000)
  to   space 4096K, 0% used [0x00000000d6b00000,0x00000000d6b00000,0x00000000d6f00000)
 ParOldGen       total 68608K, used 20962K [0x0000000080000000, 0x0000000084300000, 0x00000000d5580000)
  object space 68608K, 30% used [0x0000000080000000,0x0000000081478850,0x0000000084300000)
 Metaspace       used 36429K, committed 37632K, reserved 1114112K
  class space    used 3836K, committed 4352K, reserved 1048576K
}
Event: 24.482 GC heap before
{Heap before GC invocations=17 (full 2):
 PSYoungGen      total 23040K, used 23026K [0x00000000d5580000, 0x00000000d7300000, 0x0000000100000000)
  eden space 22016K, 100% used [0x00000000d5580000,0x00000000d6b00000,0x00000000d6b00000)
  from space 1024K, 98% used [0x00000000d6f80000,0x00000000d707ca78,0x00000000d7080000)
  to   space 4096K, 0% used [0x00000000d6b00000,0x00000000d6b00000,0x00000000d6f00000)
 ParOldGen       total 68608K, used 20962K [0x0000000080000000, 0x0000000084300000, 0x00000000d5580000)
  object space 68608K, 30% used [0x0000000080000000,0x0000000081478850,0x0000000084300000)
 Metaspace       used 39437K, committed 40640K, reserved 1114112K
  class space    used 4183K, committed 4736K, reserved 1048576K
}
Event: 24.487 GC heap after
{Heap after GC invocations=17 (full 2):
 PSYoungGen      total 23552K, used 1243K [0x00000000d5580000, 0x00000000d7000000, 0x0000000100000000)
  eden space 22016K, 0% used [0x00000000d5580000,0x00000000d5580000,0x00000000d6b00000)
  from space 1536K, 80% used [0x00000000d6b00000,0x00000000d6c36df0,0x00000000d6c80000)
  to   space 2048K, 0% used [0x00000000d6e00000,0x00000000d6e00000,0x00000000d7000000)
 ParOldGen       total 68608K, used 21928K [0x0000000080000000, 0x0000000084300000, 0x00000000d5580000)
  object space 68608K, 31% used [0x0000000080000000,0x000000008156a108,0x0000000084300000)
 Metaspace       used 39437K, committed 40640K, reserved 1114112K
  class space    used 4183K, committed 4736K, reserved 1048576K
}
Event: 24.857 GC heap before
{Heap before GC invocations=18 (full 2):
 PSYoungGen      total 23552K, used 23259K [0x00000000d5580000, 0x00000000d7000000, 0x0000000100000000)
  eden space 22016K, 100% used [0x00000000d5580000,0x00000000d6b00000,0x00000000d6b00000)
  from space 1536K, 80% used [0x00000000d6b00000,0x00000000d6c36df0,0x00000000d6c80000)
  to   space 2048K, 0% used [0x00000000d6e00000,0x00000000d6e00000,0x00000000d7000000)
 ParOldGen       total 68608K, used 21928K [0x0000000080000000, 0x0000000084300000, 0x00000000d5580000)
  object space 68608K, 31% used [0x0000000080000000,0x000000008156a108,0x0000000084300000)
 Metaspace       used 41818K, committed 42944K, reserved 1114112K
  class space    used 4496K, committed 4992K, reserved 1048576K
}
Event: 24.862 GC heap after
{Heap after GC invocations=18 (full 2):
 PSYoungGen      total 23552K, used 1306K [0x00000000d5580000, 0x00000000d6f80000, 0x0000000100000000)
  eden space 22016K, 0% used [0x00000000d5580000,0x00000000d5580000,0x00000000d6b00000)
  from space 1536K, 85% used [0x00000000d6e00000,0x00000000d6f46b38,0x00000000d6f80000)
  to   space 1536K, 0% used [0x00000000d6b00000,0x00000000d6b00000,0x00000000d6c80000)
 ParOldGen       total 68608K, used 22886K [0x0000000080000000, 0x0000000084300000, 0x00000000d5580000)
  object space 68608K, 33% used [0x0000000080000000,0x0000000081659890,0x0000000084300000)
 Metaspace       used 41818K, committed 42944K, reserved 1114112K
  class space    used 4496K, committed 4992K, reserved 1048576K
}
Event: 25.148 GC heap before
{Heap before GC invocations=19 (full 2):
 PSYoungGen      total 23552K, used 23322K [0x00000000d5580000, 0x00000000d6f80000, 0x0000000100000000)
  eden space 22016K, 100% used [0x00000000d5580000,0x00000000d6b00000,0x00000000d6b00000)
  from space 1536K, 85% used [0x00000000d6e00000,0x00000000d6f46b38,0x00000000d6f80000)
  to   space 1536K, 0% used [0x00000000d6b00000,0x00000000d6b00000,0x00000000d6c80000)
 ParOldGen       total 68608K, used 22886K [0x0000000080000000, 0x0000000084300000, 0x00000000d5580000)
  object space 68608K, 33% used [0x0000000080000000,0x0000000081659890,0x0000000084300000)
 Metaspace       used 43427K, committed 44608K, reserved 1114112K
  class space    used 4724K, committed 5248K, reserved 1048576K
}
Event: 25.152 GC heap after
{Heap after GC invocations=19 (full 2):
 PSYoungGen      total 23552K, used 1536K [0x00000000d5580000, 0x00000000d7600000, 0x0000000100000000)
  eden space 22016K, 0% used [0x00000000d5580000,0x00000000d5580000,0x00000000d6b00000)
  from space 1536K, 100% used [0x00000000d6b00000,0x00000000d6c80000,0x00000000d6c80000)
  to   space 5632K, 0% used [0x00000000d7080000,0x00000000d7080000,0x00000000d7600000)
 ParOldGen       total 68608K, used 26090K [0x0000000080000000, 0x0000000084300000, 0x00000000d5580000)
  object space 68608K, 38% used [0x0000000080000000,0x000000008197abe8,0x0000000084300000)
 Metaspace       used 43427K, committed 44608K, reserved 1114112K
  class space    used 4724K, committed 5248K, reserved 1048576K
}
Event: 25.679 GC heap before
{Heap before GC invocations=20 (full 2):
 PSYoungGen      total 23552K, used 23552K [0x00000000d5580000, 0x00000000d7600000, 0x0000000100000000)
  eden space 22016K, 100% used [0x00000000d5580000,0x00000000d6b00000,0x00000000d6b00000)
  from space 1536K, 100% used [0x00000000d6b00000,0x00000000d6c80000,0x00000000d6c80000)
  to   space 5632K, 0% used [0x00000000d7080000,0x00000000d7080000,0x00000000d7600000)
 ParOldGen       total 68608K, used 26090K [0x0000000080000000, 0x0000000084300000, 0x00000000d5580000)
  object space 68608K, 38% used [0x0000000080000000,0x000000008197abe8,0x0000000084300000)
 Metaspace       used 46050K, committed 47360K, reserved 1114112K
  class space    used 5053K, committed 5632K, reserved 1048576K
}
Event: 25.684 GC heap after
{Heap after GC invocations=20 (full 2):
 PSYoungGen      total 23040K, used 896K [0x00000000d5580000, 0x00000000d7180000, 0x0000000100000000)
  eden space 22016K, 0% used [0x00000000d5580000,0x00000000d5580000,0x00000000d6b00000)
  from space 1024K, 87% used [0x00000000d7080000,0x00000000d7160000,0x00000000d7180000)
  to   space 2560K, 0% used [0x00000000d6c80000,0x00000000d6c80000,0x00000000d6f00000)
 ParOldGen       total 68608K, used 27595K [0x0000000080000000, 0x0000000084300000, 0x00000000d5580000)
  object space 68608K, 40% used [0x0000000080000000,0x0000000081af2f98,0x0000000084300000)
 Metaspace       used 46050K, committed 47360K, reserved 1114112K
  class space    used 5053K, committed 5632K, reserved 1048576K
}
Event: 26.404 GC heap before
{Heap before GC invocations=21 (full 2):
 PSYoungGen      total 23040K, used 22912K [0x00000000d5580000, 0x00000000d7180000, 0x0000000100000000)
  eden space 22016K, 100% used [0x00000000d5580000,0x00000000d6b00000,0x00000000d6b00000)
  from space 1024K, 87% used [0x00000000d7080000,0x00000000d7160000,0x00000000d7180000)
  to   space 2560K, 0% used [0x00000000d6c80000,0x00000000d6c80000,0x00000000d6f00000)
 ParOldGen       total 68608K, used 27595K [0x0000000080000000, 0x0000000084300000, 0x00000000d5580000)
  object space 68608K, 40% used [0x0000000080000000,0x0000000081af2f98,0x0000000084300000)
 Metaspace       used 48299K, committed 49664K, reserved 1114112K
  class space    used 5347K, committed 5952K, reserved 1048576K
}
Event: 26.407 GC heap after
{Heap after GC invocations=21 (full 2):
 PSYoungGen      total 24576K, used 2518K [0x00000000d5580000, 0x00000000d7100000, 0x0000000100000000)
  eden space 22016K, 0% used [0x00000000d5580000,0x00000000d5580000,0x00000000d6b00000)
  from space 2560K, 98% used [0x00000000d6c80000,0x00000000d6ef5838,0x00000000d6f00000)
  to   space 2048K, 0% used [0x00000000d6f00000,0x00000000d6f00000,0x00000000d7100000)
 ParOldGen       total 68608K, used 28323K [0x0000000080000000, 0x0000000084300000, 0x00000000d5580000)
  object space 68608K, 41% used [0x0000000080000000,0x0000000081ba8f98,0x0000000084300000)
 Metaspace       used 48299K, committed 49664K, reserved 1114112K
  class space    used 5347K, committed 5952K, reserved 1048576K
}
Event: 27.156 GC heap before
{Heap before GC invocations=22 (full 2):
 PSYoungGen      total 24576K, used 24534K [0x00000000d5580000, 0x00000000d7100000, 0x0000000100000000)
  eden space 22016K, 100% used [0x00000000d5580000,0x00000000d6b00000,0x00000000d6b00000)
  from space 2560K, 98% used [0x00000000d6c80000,0x00000000d6ef5838,0x00000000d6f00000)
  to   space 2048K, 0% used [0x00000000d6f00000,0x00000000d6f00000,0x00000000d7100000)
 ParOldGen       total 68608K, used 28323K [0x0000000080000000, 0x0000000084300000, 0x00000000d5580000)
  object space 68608K, 41% used [0x0000000080000000,0x0000000081ba8f98,0x0000000084300000)
 Metaspace       used 50521K, committed 51776K, reserved 1114112K
  class space    used 5645K, committed 6208K, reserved 1048576K
}
Event: 27.164 GC heap after
{Heap after GC invocations=22 (full 2):
 PSYoungGen      total 23552K, used 2016K [0x00000000d5580000, 0x00000000d7400000, 0x0000000100000000)
  eden space 21504K, 0% used [0x00000000d5580000,0x00000000d5580000,0x00000000d6a80000)
  from space 2048K, 98% used [0x00000000d6f00000,0x00000000d70f8010,0x00000000d7100000)
  to   space 4608K, 0% used [0x00000000d6a80000,0x00000000d6a80000,0x00000000d6f00000)
 ParOldGen       total 68608K, used 30327K [0x0000000080000000, 0x0000000084300000, 0x00000000d5580000)
  object space 68608K, 44% used [0x0000000080000000,0x0000000081d9dd30,0x0000000084300000)
 Metaspace       used 50521K, committed 51776K, reserved 1114112K
  class space    used 5645K, committed 6208K, reserved 1048576K
}

Dll operation events (20 events):
Event: 0.126 Attempting to load shared library C:\Users\AvilésGonzález\.vscode\extensions\redhat.java-1.56.0-win32-x64\jre\21.0.12.1-win32-x86_64\bin\instrument.dll
Event: 0.126 Loaded shared library C:\Users\AvilésGonzález\.vscode\extensions\redhat.java-1.56.0-win32-x64\jre\21.0.12.1-win32-x86_64\bin\instrument.dll
Event: 0.132 Attempting to load shared library C:\Users\AvilésGonzález\.vscode\extensions\redhat.java-1.56.0-win32-x64\jre\21.0.12.1-win32-x86_64\bin\net.dll
Event: 0.134 Loaded shared library C:\Users\AvilésGonzález\.vscode\extensions\redhat.java-1.56.0-win32-x64\jre\21.0.12.1-win32-x86_64\bin\net.dll
Event: 0.136 Attempting to load shared library C:\Users\AvilésGonzález\.vscode\extensions\redhat.java-1.56.0-win32-x64\jre\21.0.12.1-win32-x86_64\bin\nio.dll
Event: 0.136 Loaded shared library C:\Users\AvilésGonzález\.vscode\extensions\redhat.java-1.56.0-win32-x64\jre\21.0.12.1-win32-x86_64\bin\nio.dll
Event: 0.139 Attempting to load shared library C:\Users\AvilésGonzález\.vscode\extensions\redhat.java-1.56.0-win32-x64\jre\21.0.12.1-win32-x86_64\bin\zip.dll
Event: 0.139 Loaded shared library C:\Users\AvilésGonzález\.vscode\extensions\redhat.java-1.56.0-win32-x64\jre\21.0.12.1-win32-x86_64\bin\zip.dll
Event: 0.162 Attempting to load shared library C:\Users\AvilésGonzález\.vscode\extensions\redhat.java-1.56.0-win32-x64\jre\21.0.12.1-win32-x86_64\bin\jimage.dll
Event: 0.162 Loaded shared library C:\Users\AvilésGonzález\.vscode\extensions\redhat.java-1.56.0-win32-x64\jre\21.0.12.1-win32-x86_64\bin\jimage.dll
Event: 0.266 Attempting to load shared library c:\Users\AvilésGonzález\.vscode\extensions\redhat.java-1.56.0-win32-x64\jre\21.0.12.1-win32-x86_64\bin\verify.dll
Event: 0.266 Loaded shared library c:\Users\AvilésGonzález\.vscode\extensions\redhat.java-1.56.0-win32-x64\jre\21.0.12.1-win32-x86_64\bin\verify.dll
Event: 4.655 Attempting to load shared library C:\Users\AvilésGonzález\AppData\Roaming\Code\User\globalStorage\redhat.java\1.56.0\config_win\org.eclipse.equinox.launcher\org.eclipse.equinox.launcher.win32.win32.x86_64_1.3.100.v20260804-1928\eclipse_11924.dll
Event: 4.722 Loaded shared library C:\Users\AvilésGonzález\AppData\Roaming\Code\User\globalStorage\redhat.java\1.56.0\config_win\org.eclipse.equinox.launcher\org.eclipse.equinox.launcher.win32.win32.x86_64_1.3.100.v20260804-1928\eclipse_11924.dll
Event: 20.600 Attempting to load shared library C:\Users\AvilésGonzález\AppData\Local\Temp\jna--1245801130\jna5569708271679247576.dll
Event: 20.725 Loaded shared library C:\Users\AvilésGonzález\AppData\Local\Temp\jna--1245801130\jna5569708271679247576.dll
Event: 23.721 Attempting to load shared library C:\Users\AvilésGonzález\.vscode\extensions\redhat.java-1.56.0-win32-x64\jre\21.0.12.1-win32-x86_64\bin\sunmscapi.dll
Event: 23.789 Loaded shared library C:\Users\AvilésGonzález\.vscode\extensions\redhat.java-1.56.0-win32-x64\jre\21.0.12.1-win32-x86_64\bin\sunmscapi.dll
Event: 24.577 Attempting to load shared library C:\Users\AvilésGonzález\.vscode\extensions\redhat.java-1.56.0-win32-x64\jre\21.0.12.1-win32-x86_64\bin\extnet.dll
Event: 24.648 Loaded shared library C:\Users\AvilésGonzález\.vscode\extensions\redhat.java-1.56.0-win32-x64\jre\21.0.12.1-win32-x86_64\bin\extnet.dll

Deoptimization events (20 events):
Event: 27.137 Thread 0x00000231f443aef0 Uncommon trap: trap_request=0xffffff45 fr.pc=0x00000231de017f68 relative=0x0000000000000988
Event: 27.137 Thread 0x00000231f443aef0 Uncommon trap: reason=unstable_if action=reinterpret pc=0x00000231de017f68 method=java.util.concurrent.ConcurrentHashMap.putVal(Ljava/lang/Object;Ljava/lang/Object;Z)Ljava/lang/Object; @ 112 c2
Event: 27.137 Thread 0x00000231f443aef0 DEOPT PACKING pc=0x00000231de017f68 sp=0x000000ac251fd7a0
Event: 27.137 Thread 0x00000231f443aef0 DEOPT UNPACKING pc=0x00000231dd943aa2 sp=0x000000ac251fd720 mode 2
Event: 27.142 Thread 0x00000231f5a811f0 Uncommon trap: trap_request=0xffffff45 fr.pc=0x00000231de12abac relative=0x00000000000000ec
Event: 27.142 Thread 0x00000231f5a811f0 Uncommon trap: reason=unstable_if action=reinterpret pc=0x00000231de12abac method=com.google.gson.stream.JsonReader.nextString()Ljava/lang/String; @ 6 c2
Event: 27.142 Thread 0x00000231f5a811f0 DEOPT PACKING pc=0x00000231de12abac sp=0x000000ac25cfea60
Event: 27.142 Thread 0x00000231f5a811f0 DEOPT UNPACKING pc=0x00000231dd943aa2 sp=0x000000ac25cfe9f0 mode 2
Event: 27.149 Thread 0x00000231f5a811f0 Uncommon trap: trap_request=0xffffff45 fr.pc=0x00000231de11f1a4 relative=0x0000000000000424
Event: 27.149 Thread 0x00000231f5a811f0 Uncommon trap: reason=unstable_if action=reinterpret pc=0x00000231de11f1a4 method=com.google.gson.stream.JsonReader.doPeek()I @ 207 c2
Event: 27.149 Thread 0x00000231f5a811f0 DEOPT PACKING pc=0x00000231de11f1a4 sp=0x000000ac25cfe760
Event: 27.149 Thread 0x00000231f5a811f0 DEOPT UNPACKING pc=0x00000231dd943aa2 sp=0x000000ac25cfe6f0 mode 2
Event: 27.250 Thread 0x00000231f443aef0 Uncommon trap: trap_request=0xffffff45 fr.pc=0x00000231ddf6604c relative=0x00000000000001ec
Event: 27.250 Thread 0x00000231f443aef0 Uncommon trap: reason=unstable_if action=reinterpret pc=0x00000231ddf6604c method=java.lang.invoke.VarHandle.accessModeType(I)Ljava/lang/invoke/MethodType; @ 26 c2
Event: 27.250 Thread 0x00000231f443aef0 DEOPT PACKING pc=0x00000231ddf6604c sp=0x000000ac251fea20
Event: 27.250 Thread 0x00000231f443aef0 DEOPT UNPACKING pc=0x00000231dd943aa2 sp=0x000000ac251fe900 mode 2
Event: 27.250 Thread 0x00000231f443aef0 Uncommon trap: trap_request=0xffffff45 fr.pc=0x00000231dded8a80 relative=0x00000000000000c0
Event: 27.250 Thread 0x00000231f443aef0 Uncommon trap: reason=unstable_if action=reinterpret pc=0x00000231dded8a80 method=jdk.internal.misc.Unsafe.convEndian(ZI)I @ 4 c2
Event: 27.250 Thread 0x00000231f443aef0 DEOPT PACKING pc=0x00000231dded8a80 sp=0x000000ac251fe9c0
Event: 27.250 Thread 0x00000231f443aef0 DEOPT UNPACKING pc=0x00000231dd943aa2 sp=0x000000ac251fe858 mode 2

Classes loaded (20 events):
Event: 26.365 Loading class sun/net/www/http/KeepAliveCache$ClientVector
Event: 26.365 Loading class sun/net/www/http/KeepAliveCache$ClientVector done
Event: 26.366 Loading class sun/net/www/http/KeepAliveEntry
Event: 26.367 Loading class sun/net/www/http/KeepAliveEntry done
Event: 26.804 Loading class java/lang/ProcessEnvironment$CheckedKeySet
Event: 26.804 Loading class java/lang/ProcessEnvironment$CheckedKeySet done
Event: 26.971 Loading class java/util/concurrent/CompletableFuture$AltResult
Event: 26.971 Loading class java/util/concurrent/CompletableFuture$AltResult done
Event: 26.971 Loading class java/util/concurrent/CompletableFuture$Completion
Event: 26.971 Loading class java/util/concurrent/CompletableFuture$AsynchronousCompletionTask
Event: 26.971 Loading class java/util/concurrent/CompletableFuture$AsynchronousCompletionTask done
Event: 26.972 Loading class java/util/concurrent/CompletableFuture$Completion done
Event: 26.990 Loading class jdk/internal/math/FormattedFPDecimal
Event: 26.990 Loading class jdk/internal/math/FormattedFPDecimal done
Event: 27.172 Loading class java/util/regex/Pattern$Pos
Event: 27.172 Loading class java/util/regex/Pattern$Pos done
Event: 27.248 Loading class sun/security/provider/MD5
Event: 27.249 Loading class sun/security/provider/MD5 done
Event: 27.249 Loading class sun/security/provider/ByteArrayAccess$LE
Event: 27.249 Loading class sun/security/provider/ByteArrayAccess$LE done

Classes unloaded (7 events):
Event: 21.775 Thread 0x00000231d325fa80 Unloading class 0x00000231811acc00 'java/lang/invoke/LambdaForm$MH+0x00000231811acc00'
Event: 21.775 Thread 0x00000231d325fa80 Unloading class 0x00000231811ac800 'java/lang/invoke/LambdaForm$MH+0x00000231811ac800'
Event: 21.775 Thread 0x00000231d325fa80 Unloading class 0x00000231811ac400 'java/lang/invoke/LambdaForm$MH+0x00000231811ac400'
Event: 21.775 Thread 0x00000231d325fa80 Unloading class 0x00000231811ac000 'java/lang/invoke/LambdaForm$MH+0x00000231811ac000'
Event: 21.775 Thread 0x00000231d325fa80 Unloading class 0x00000231811abc00 'java/lang/invoke/LambdaForm$BMH+0x00000231811abc00'
Event: 21.775 Thread 0x00000231d325fa80 Unloading class 0x00000231811ab800 'java/lang/invoke/LambdaForm$DMH+0x00000231811ab800'
Event: 21.775 Thread 0x00000231d325fa80 Unloading class 0x00000231811aa400 'java/lang/invoke/LambdaForm$DMH+0x00000231811aa400'

Classes redefined (0 events):
No events

Internal exceptions (20 events):
Event: 24.569 Thread 0x00000231f44394b0 Exception <a 'java/lang/NoSuchMethodError'{0x00000000d5a155f0}: 'java.lang.Object java.lang.invoke.Invokers$Holder.linkToTargetMethod(java.lang.Object, java.lang.Object, int, java.lang.Object)'> (0x00000000d5a155f0) 
thrown [s\src\hotspot\share\interpreter\linkResolver.cpp, line 773]
Event: 24.574 Thread 0x00000231f44394b0 Exception <a 'java/lang/NoSuchMethodError'{0x00000000d5a36a50}: 'void java.lang.invoke.DirectMethodHandle$Holder.invokeStaticInit(java.lang.Object, java.lang.Object, java.lang.Object)'> (0x00000000d5a36a50) 
thrown [s\src\hotspot\share\interpreter\linkResolver.cpp, line 773]
Event: 24.692 Thread 0x00000231d31bafb0 Exception <a 'java/lang/NoSuchMethodError'{0x00000000d5e80388}: 'void java.lang.invoke.DirectMethodHandle$Holder.invokeSpecial(java.lang.Object, java.lang.Object, java.lang.Object, java.lang.Object, java.lang.Object, java.lang.Object)'> (0x00000000d5e80388) 
thrown [s\src\hotspot\share\interpreter\linkResolver.cpp, line 773]
Event: 24.697 Thread 0x00000231d31bafb0 Exception <a 'java/lang/IncompatibleClassChangeError'{0x00000000d5ea91c8}: Found class java.lang.Object, but interface was expected> (0x00000000d5ea91c8) 
thrown [s\src\hotspot\share\interpreter\linkResolver.cpp, line 840]
Event: 24.697 Thread 0x00000231d31bafb0 Exception <a 'java/lang/IncompatibleClassChangeError'{0x00000000d5eaa340}: Found class java.lang.Object, but interface was expected> (0x00000000d5eaa340) 
thrown [s\src\hotspot\share\interpreter\linkResolver.cpp, line 840]
Event: 25.168 Thread 0x00000231f5a811f0 Exception <a 'java/io/FileNotFoundException'{0x00000000d564a518}> (0x00000000d564a518) 
thrown [s\src\hotspot\share\prims\jni.cpp, line 520]
Event: 25.224 Thread 0x00000231f5a811f0 Exception <a 'java/lang/NoSuchMethodError'{0x00000000d58b1620}: 'int java.lang.invoke.DirectMethodHandle$Holder.invokeSpecial(java.lang.Object, java.lang.Object, java.lang.Object, java.lang.Object)'> (0x00000000d58b1620) 
thrown [s\src\hotspot\share\interpreter\linkResolver.cpp, line 773]
Event: 25.229 Thread 0x00000231f5a811f0 Exception <a 'java/lang/NoSuchMethodError'{0x00000000d58bed08}: 'java.lang.Object java.lang.invoke.DirectMethodHandle$Holder.invokeStatic(java.lang.Object, int, java.lang.Object, java.lang.Object)'> (0x00000000d58bed08) 
thrown [s\src\hotspot\share\interpreter\linkResolver.cpp, line 773]
Event: 25.231 Thread 0x00000231f5a811f0 Exception <a 'java/lang/NoSuchMethodError'{0x00000000d58c24e8}: 'java.lang.Object java.lang.invoke.DelegatingMethodHandle$Holder.delegate(java.lang.Object, int, java.lang.Object, java.lang.Object)'> (0x00000000d58c24e8) 
thrown [s\src\hotspot\share\interpreter\linkResolver.cpp, line 773]
Event: 25.234 Thread 0x00000231f5a811f0 Implicit null exception at 0x00000231de0b0776 to 0x00000231de0b0a98
Event: 25.238 Thread 0x00000231f5a811f0 Exception <a 'java/lang/NoSuchMethodError'{0x00000000d58f91a0}: 'int java.lang.invoke.Invokers$Holder.linkToTargetMethod(java.lang.Object, java.lang.Object, java.lang.Object)'> (0x00000000d58f91a0) 
thrown [s\src\hotspot\share\interpreter\linkResolver.cpp, line 773]
Event: 25.409 Thread 0x00000231f4438790 Implicit null exception at 0x00000231de008bec to 0x00000231de008ca8
Event: 26.128 Thread 0x00000231f443aef0 Exception <a 'java/lang/ExceptionInInitializerError'{0x00000000d626fb08}> (0x00000000d626fb08) 
thrown [s\src\hotspot\share\oops\instanceKlass.cpp, line 1218]
Event: 26.172 Thread 0x00000231f443aef0 Implicit null exception at 0x00000231ddfd0b7e to 0x00000231ddfd0df0
Event: 26.172 Thread 0x00000231f443aef0 Implicit null exception at 0x00000231ddf4851c to 0x00000231ddf49424
Event: 26.178 Thread 0x00000231f443aef0 Exception <a 'java/lang/NoSuchMethodError'{0x00000000d63291e8}: 'java.lang.Object java.lang.invoke.Invokers$Holder.invokeExact_MT(java.lang.Object, int, java.lang.Object)'> (0x00000000d63291e8) 
thrown [s\src\hotspot\share\interpreter\linkResolver.cpp, line 773]
Event: 26.396 Thread 0x00000231f4438790 Exception <a 'java/lang/NoSuchMethodError'{0x00000000d6a199b8}: 'void java.lang.invoke.DirectMethodHandle$Holder.invokeStaticInit(java.lang.Object, java.lang.Object, java.lang.Object, java.lang.Object)'> (0x00000000d6a199b8) 
thrown [s\src\hotspot\share\interpreter\linkResolver.cpp, line 773]
Event: 26.778 Thread 0x00000231f443aef0 Exception <a 'java/lang/NoClassDefFoundError'{0x00000000d5e952e8}: com/google/inject/servlet/ServletModuleTargetVisitor> (0x00000000d5e952e8) 
thrown [s\src\hotspot\share\classfile\systemDictionary.cpp, line 302]
Event: 27.025 Thread 0x00000231f4439b40 Exception <a 'java/lang/NoSuchMethodError'{0x00000000d672bd70}: 'int java.lang.invoke.DirectMethodHandle$Holder.invokeSpecialIFC(java.lang.Object, java.lang.Object, java.lang.Object, java.lang.Object)'> (0x00000000d672bd70) 
thrown [s\src\hotspot\share\interpreter\linkResolver.cpp, line 773]
Event: 27.149 Thread 0x00000231f5a811f0 Exception <a 'java/lang/IncompatibleClassChangeError'{0x00000000d6adfa78}: Found class java.lang.Object, but interface was expected> (0x00000000d6adfa78) 
thrown [s\src\hotspot\share\interpreter\linkResolver.cpp, line 840]

ZGC Phase Switch (0 events):
No events

VM Operations (20 events):
Event: 25.148 Executing safepoint VM operation: ParallelGCFailedAllocation (Allocation Failure)
Event: 25.152 Executing safepoint VM operation: ParallelGCFailedAllocation (Allocation Failure) done
Event: 25.284 Executing non-safepoint VM operation: HandshakeAllThreads (Deoptimize)
Event: 25.284 Executing non-safepoint VM operation: HandshakeAllThreads (Deoptimize) done
Event: 25.581 Executing non-safepoint VM operation: HandshakeAllThreads (Deoptimize)
Event: 25.581 Executing non-safepoint VM operation: HandshakeAllThreads (Deoptimize) done
Event: 25.679 Executing safepoint VM operation: ParallelGCFailedAllocation (Allocation Failure)
Event: 25.684 Executing safepoint VM operation: ParallelGCFailedAllocation (Allocation Failure) done
Event: 25.982 Executing non-safepoint VM operation: HandshakeAllThreads (Deoptimize)
Event: 25.982 Executing non-safepoint VM operation: HandshakeAllThreads (Deoptimize) done
Event: 26.264 Executing non-safepoint VM operation: HandshakeAllThreads (Deoptimize)
Event: 26.264 Executing non-safepoint VM operation: HandshakeAllThreads (Deoptimize) done
Event: 26.366 Executing non-safepoint VM operation: HandshakeAllThreads (Deoptimize)
Event: 26.366 Executing non-safepoint VM operation: HandshakeAllThreads (Deoptimize) done
Event: 26.403 Executing safepoint VM operation: ParallelGCFailedAllocation (Allocation Failure)
Event: 26.407 Executing safepoint VM operation: ParallelGCFailedAllocation (Allocation Failure) done
Event: 26.954 Executing safepoint VM operation: ICBufferFull
Event: 26.954 Executing safepoint VM operation: ICBufferFull done
Event: 27.156 Executing safepoint VM operation: ParallelGCFailedAllocation (Allocation Failure)
Event: 27.164 Executing safepoint VM operation: ParallelGCFailedAllocation (Allocation Failure) done

Memory protections (0 events):
No events

Nmethod flushes (20 events):
Event: 23.926 Thread 0x00000231d325fa80 flushing  nmethod 0x00000231d6a0bf90
Event: 23.926 Thread 0x00000231d325fa80 flushing  nmethod 0x00000231d6a0c790
Event: 23.926 Thread 0x00000231d325fa80 flushing  nmethod 0x00000231d6a0cf10
Event: 23.926 Thread 0x00000231d325fa80 flushing  nmethod 0x00000231d6a0e490
Event: 23.926 Thread 0x00000231d325fa80 flushing  nmethod 0x00000231d6a0e990
Event: 23.926 Thread 0x00000231d325fa80 flushing  nmethod 0x00000231d6a0ed90
Event: 23.926 Thread 0x00000231d325fa80 flushing  nmethod 0x00000231d6a0f910
Event: 23.926 Thread 0x00000231d325fa80 flushing  nmethod 0x00000231d6a0fd90
Event: 23.926 Thread 0x00000231d325fa80 flushing  nmethod 0x00000231d6a11810
Event: 23.926 Thread 0x00000231d325fa80 flushing  nmethod 0x00000231d6a11f10
Event: 23.926 Thread 0x00000231d325fa80 flushing  nmethod 0x00000231d6a12d90
Event: 23.926 Thread 0x00000231d325fa80 flushing  nmethod 0x00000231d6a30410
Event: 23.926 Thread 0x00000231d325fa80 flushing  nmethod 0x00000231d6a37210
Event: 23.926 Thread 0x00000231d325fa80 flushing  nmethod 0x00000231d6a4aa10
Event: 23.926 Thread 0x00000231d325fa80 flushing  nmethod 0x00000231d6a4ed10
Event: 23.926 Thread 0x00000231d325fa80 flushing  nmethod 0x00000231d6aa7e90
Event: 23.926 Thread 0x00000231d325fa80 flushing  nmethod 0x00000231d6aaa990
Event: 23.926 Thread 0x00000231d325fa80 flushing  nmethod 0x00000231d6ac8110
Event: 23.926 Thread 0x00000231d325fa80 flushing  nmethod 0x00000231d6ad7610
Event: 23.926 Thread 0x00000231d325fa80 flushing  nmethod 0x00000231d6b16910

Events (20 events):
Event: 23.071 Thread 0x00000231eb1d2820 Thread added: 0x00000231f443a1d0
Event: 23.619 Thread 0x00000231f4438790 Thread added: 0x00000231f4439b40
Event: 23.736 Thread 0x00000231f4439b40 Thread added: 0x00000231f443a860
Event: 23.851 Thread 0x00000231d31bafb0 Thread added: 0x00000231f443b580
Event: 24.757 Thread 0x00000231d31bafb0 Thread added: 0x00000231f4438e20
Event: 24.757 Thread 0x00000231d31bafb0 Thread added: 0x00000231f5a811f0
Event: 24.848 Thread 0x00000231f44394b0 Thread added: 0x00000231f5a80b60
Event: 24.849 Thread 0x00000231f44394b0 Thread added: 0x00000231f5a81880
Event: 24.850 Thread 0x00000231f5a80b60 Thread added: 0x00000231f5a7fe40
Event: 24.851 Thread 0x00000231f5a81880 Thread added: 0x00000231f5a81f10
Event: 24.851 Thread 0x00000231f5a7fe40 Thread added: 0x00000231f5a7f120
Event: 24.852 Thread 0x00000231f5a81f10 Thread added: 0x00000231f5a7ea90
Event: 24.854 Thread 0x00000231f5a7f120 Thread added: 0x00000231f5a825a0
Event: 24.854 Thread 0x00000231f5a7ea90 Thread added: 0x00000231f5a804d0
Event: 24.855 Thread 0x00000231f5a825a0 Thread added: 0x00000231f5a82c30
Event: 24.855 Thread 0x00000231f5a804d0 Thread added: 0x00000231f5a7f7b0
Event: 24.863 Thread 0x00000231f5a82c30 Thread added: 0x00000231f5a860b0
Event: 25.687 Thread 0x00000231f4438790 Thread added: 0x00000231f5a85390
Event: 25.688 Thread 0x00000231f5a85390 Thread exited: 0x00000231f5a85390
Event: 26.365 Thread 0x00000231f4438790 Thread added: 0x00000231f5a84670


Dynamic libraries:
0x00007ff614f50000 - 0x00007ff614f5e000 	c:\Users\AvilésGonzález\.vscode\extensions\redhat.java-1.56.0-win32-x64\jre\21.0.12.1-win32-x86_64\bin\java.exe
0x00007ffb29d20000 - 0x00007ffb29f86000 	C:\WINDOWS\SYSTEM32\ntdll.dll
0x00007ffb28020000 - 0x00007ffb280e9000 	C:\WINDOWS\System32\KERNEL32.DLL
0x00007ffb27640000 - 0x00007ffb27a3f000 	C:\WINDOWS\System32\KERNELBASE.dll
0x00007ffb274e0000 - 0x00007ffb2762c000 	C:\WINDOWS\System32\ucrtbase.dll
0x00007ffab4500000 - 0x00007ffab4518000 	c:\Users\AvilésGonzález\.vscode\extensions\redhat.java-1.56.0-win32-x64\jre\21.0.12.1-win32-x86_64\bin\jli.dll
0x00007ffab4520000 - 0x00007ffab453e000 	c:\Users\AvilésGonzález\.vscode\extensions\redhat.java-1.56.0-win32-x64\jre\21.0.12.1-win32-x86_64\bin\VCRUNTIME140.dll
0x00007ffb28a00000 - 0x00007ffb28bc6000 	C:\WINDOWS\System32\USER32.dll
0x00007ffb0c5c0000 - 0x00007ffb0c851000 	C:\WINDOWS\WinSxS\amd64_microsoft.windows.common-controls_6595b64144ccf1df_6.0.26100.8972_none_3e0da176e32f9d4b\COMCTL32.dll
0x00007ffb274b0000 - 0x00007ffb274d7000 	C:\WINDOWS\System32\win32u.dll
0x00007ffb280f0000 - 0x00007ffb28199000 	C:\WINDOWS\System32\msvcrt.dll
0x00007ffb27b50000 - 0x00007ffb27b7b000 	C:\WINDOWS\System32\GDI32.dll
0x00007ffb27380000 - 0x00007ffb274a9000 	C:\WINDOWS\System32\gdi32full.dll
0x00007ffb27210000 - 0x00007ffb272b3000 	C:\WINDOWS\System32\msvcp_win.dll
0x00007ffb27b10000 - 0x00007ffb27b42000 	C:\WINDOWS\System32\IMM32.DLL
0x00007ffb1a980000 - 0x00007ffb1a98c000 	c:\Users\AvilésGonzález\.vscode\extensions\redhat.java-1.56.0-win32-x64\jre\21.0.12.1-win32-x86_64\bin\vcruntime140_1.dll
0x00007ffaaa6e0000 - 0x00007ffaaa76d000 	c:\Users\AvilésGonzález\.vscode\extensions\redhat.java-1.56.0-win32-x64\jre\21.0.12.1-win32-x86_64\bin\msvcp140.dll
0x00007ffa79e90000 - 0x00007ffa7ac32000 	c:\Users\AvilésGonzález\.vscode\extensions\redhat.java-1.56.0-win32-x64\jre\21.0.12.1-win32-x86_64\bin\server\jvm.dll
0x00007ffb27f50000 - 0x00007ffb2800c000 	C:\WINDOWS\System32\ADVAPI32.dll
0x00007ffb29c30000 - 0x00007ffb29cda000 	C:\WINDOWS\System32\sechost.dll
0x00007ffb29860000 - 0x00007ffb29978000 	C:\WINDOWS\System32\RPCRT4.dll
0x00007ffb29b20000 - 0x00007ffb29ba2000 	C:\WINDOWS\System32\WS2_32.dll
0x00007ffb26db0000 - 0x00007ffb26e0e000 	C:\WINDOWS\SYSTEM32\POWRPROF.dll
0x00007ffb0ba20000 - 0x00007ffb0ba56000 	C:\WINDOWS\SYSTEM32\WINMM.dll
0x00007ffb11660000 - 0x00007ffb1166b000 	C:\WINDOWS\SYSTEM32\VERSION.dll
0x00007ffb26d90000 - 0x00007ffb26da5000 	C:\WINDOWS\SYSTEM32\UMPDC.dll
0x00007ffb25c20000 - 0x00007ffb25c3b000 	C:\WINDOWS\SYSTEM32\kernel.appcore.dll
0x00007ffb1a900000 - 0x00007ffb1a90a000 	c:\Users\AvilésGonzález\.vscode\extensions\redhat.java-1.56.0-win32-x64\jre\21.0.12.1-win32-x86_64\bin\jimage.dll
0x00007ffb24410000 - 0x00007ffb24652000 	C:\WINDOWS\SYSTEM32\DBGHELP.DLL
0x00007ffb294d0000 - 0x00007ffb29855000 	C:\WINDOWS\System32\combase.dll
0x00007ffb28830000 - 0x00007ffb28909000 	C:\WINDOWS\System32\OLEAUT32.dll
0x00007ffb0d800000 - 0x00007ffb0d83b000 	C:\WINDOWS\SYSTEM32\dbgcore.DLL
0x00007ffb272c0000 - 0x00007ffb2736c000 	C:\WINDOWS\System32\bcryptPrimitives.dll
0x00007ffafe520000 - 0x00007ffafe52f000 	c:\Users\AvilésGonzález\.vscode\extensions\redhat.java-1.56.0-win32-x64\jre\21.0.12.1-win32-x86_64\bin\instrument.dll
0x00007ffab3a30000 - 0x00007ffab3a50000 	c:\Users\AvilésGonzález\.vscode\extensions\redhat.java-1.56.0-win32-x64\jre\21.0.12.1-win32-x86_64\bin\java.dll
0x00007ffb28bd0000 - 0x00007ffb29358000 	C:\WINDOWS\System32\SHELL32.dll
0x00007ffb249a0000 - 0x00007ffb2523b000 	C:\WINDOWS\SYSTEM32\windows.storage.dll
0x00007ffb293d0000 - 0x00007ffb294c9000 	C:\WINDOWS\System32\SHCORE.dll
0x00007ffb27ee0000 - 0x00007ffb27f46000 	C:\WINDOWS\System32\shlwapi.dll
0x00007ffb26e50000 - 0x00007ffb26e79000 	C:\WINDOWS\SYSTEM32\profapi.dll
0x00007ffab3a10000 - 0x00007ffab3a28000 	c:\Users\AvilésGonzález\.vscode\extensions\redhat.java-1.56.0-win32-x64\jre\21.0.12.1-win32-x86_64\bin\zip.dll
0x00007ffafe500000 - 0x00007ffafe510000 	C:\Users\AvilésGonzález\.vscode\extensions\redhat.java-1.56.0-win32-x64\jre\21.0.12.1-win32-x86_64\bin\net.dll
0x00007ffb1ddf0000 - 0x00007ffb1df18000 	C:\WINDOWS\SYSTEM32\WINHTTP.dll
0x00007ffb261d0000 - 0x00007ffb2623c000 	C:\WINDOWS\system32\mswsock.dll
0x00007ffab25a0000 - 0x00007ffab25b6000 	C:\Users\AvilésGonzález\.vscode\extensions\redhat.java-1.56.0-win32-x64\jre\21.0.12.1-win32-x86_64\bin\nio.dll
0x00007ffaeb300000 - 0x00007ffaeb310000 	c:\Users\AvilésGonzález\.vscode\extensions\redhat.java-1.56.0-win32-x64\jre\21.0.12.1-win32-x86_64\bin\verify.dll
0x00007ffaaf4d0000 - 0x00007ffaaf515000 	C:\Users\AvilésGonzález\AppData\Roaming\Code\User\globalStorage\redhat.java\1.56.0\config_win\org.eclipse.equinox.launcher\org.eclipse.equinox.launcher.win32.win32.x86_64_1.3.100.v20260804-1928\eclipse_11924.dll
0x00007ffb29980000 - 0x00007ffb29b19000 	C:\WINDOWS\System32\ole32.dll
0x00007ffb264c0000 - 0x00007ffb264db000 	C:\WINDOWS\SYSTEM32\CRYPTSP.dll
0x00007ffb25b80000 - 0x00007ffb25bb9000 	C:\WINDOWS\system32\rsaenh.dll
0x00007ffb26280000 - 0x00007ffb262b2000 	C:\WINDOWS\SYSTEM32\USERENV.dll
0x00007ffb26e20000 - 0x00007ffb26e4a000 	C:\WINDOWS\SYSTEM32\bcrypt.dll
0x00007ffb264e0000 - 0x00007ffb264ec000 	C:\WINDOWS\SYSTEM32\CRYPTBASE.dll
0x00007ffb255a0000 - 0x00007ffb255d3000 	C:\WINDOWS\SYSTEM32\IPHLPAPI.DLL
0x00007ffb29360000 - 0x00007ffb2936a000 	C:\WINDOWS\System32\NSI.dll
0x00007ffaaf0b0000 - 0x00007ffaaf0f9000 	C:\Users\AvilésGonzález\AppData\Local\Temp\jna--1245801130\jna5569708271679247576.dll
0x00007ffb29c20000 - 0x00007ffb29c28000 	C:\WINDOWS\System32\PSAPI.DLL
0x00007ffb20fd0000 - 0x00007ffb20fed000 	C:\WINDOWS\SYSTEM32\dhcpcsvc6.DLL
0x00007ffb20f40000 - 0x00007ffb20f65000 	C:\WINDOWS\SYSTEM32\dhcpcsvc.DLL
0x00007ffaea080000 - 0x00007ffaea08e000 	C:\Users\AvilésGonzález\.vscode\extensions\redhat.java-1.56.0-win32-x64\jre\21.0.12.1-win32-x86_64\bin\sunmscapi.dll
0x00007ffb26f30000 - 0x00007ffb270ae000 	C:\WINDOWS\System32\CRYPT32.dll
0x00007ffb26700000 - 0x00007ffb26730000 	C:\WINDOWS\SYSTEM32\ncrypt.dll
0x00007ffb266b0000 - 0x00007ffb266ef000 	C:\WINDOWS\SYSTEM32\NTASN1.dll
0x00007ffb255e0000 - 0x00007ffb25738000 	C:\WINDOWS\SYSTEM32\DNSAPI.dll
0x00007ffb25fd0000 - 0x00007ffb25fdd000 	C:\WINDOWS\SYSTEM32\DSPARSE.dll
0x00007ffb1dd00000 - 0x00007ffb1dd0b000 	C:\Windows\System32\rasadhlp.dll
0x00007ffb212b0000 - 0x00007ffb21336000 	C:\WINDOWS\System32\fwpuclnt.dll
0x00007ffae9e80000 - 0x00007ffae9e89000 	C:\Users\AvilésGonzález\.vscode\extensions\redhat.java-1.56.0-win32-x64\jre\21.0.12.1-win32-x86_64\bin\extnet.dll

JVMTI agents:
c:\Users\AvilésGonzález\.vscode\extensions\redhat.java-1.56.0-win32-x64\lombok\lombok-1.18.39-4050.jar path:c:\Users\AvilésGonzález\.vscode\extensions\redhat.java-1.56.0-win32-x64\jre\21.0.12.1-win32-x86_64\bin\instrument.dll, loaded, initialized, instrumentlib options:none

dbghelp: loaded successfully - version: 4.0.5 - missing functions: none
symbol engine: initialized successfully - sym options: 0x614 - pdb path: .;c:\Users\AvilésGonzález\.vscode\extensions\redhat.java-1.56.0-win32-x64\jre\21.0.12.1-win32-x86_64\bin;C:\WINDOWS\SYSTEM32;C:\WINDOWS\WinSxS\amd64_microsoft.windows.common-controls_6595b64144ccf1df_6.0.26100.8972_none_3e0da176e32f9d4b;c:\Users\AvilésGonzález\.vscode\extensions\redhat.java-1.56.0-win32-x64\jre\21.0.12.1-win32-x86_64\bin\server;C:\Users\AvilésGonzález\AppData\Roaming\Code\User\globalStorage\redhat.java\1.56.0\config_win\org.eclipse.equinox.launcher\org.eclipse.equinox.launcher.win32.win32.x86_64_1.3.100.v20260804-1928;C:\Users\AvilésGonzález\AppData\Local\Temp\jna--1245801130

VM Arguments:
jvm_args: --add-modules=ALL-SYSTEM --add-opens=java.base/java.util=ALL-UNNAMED --add-opens=java.base/java.lang=ALL-UNNAMED --add-opens=java.base/sun.nio.fs=ALL-UNNAMED -Declipse.application=org.eclipse.jdt.ls.core.id1 -Dosgi.bundles.defaultStartLevel=4 -Declipse.product=org.eclipse.jdt.ls.core.product -Djava.import.generatesMetadataFilesAtProjectRoot=false -Dm2e.project.cache.size=50 -DDetectVMInstallationsJob.disabled=true -Dfile.encoding=utf8 -XX:+UseParallelGC -XX:GCTimeRatio=4 -XX:AdaptiveSizePolicyWeight=90 -Dsun.zip.disableMemoryMapping=true -Xmx2G -Xms100m -Xlog:disable -javaagent:c:\Users\AvilésGonzález\.vscode\extensions\redhat.java-1.56.0-win32-x64\lombok\lombok-1.18.39-4050.jar -XX:+HeapDumpOnOutOfMemoryError -XX:HeapDumpPath=c:\Users\AvilésGonzález\AppData\Roaming\Code\User\workspaceStorage\eb47554d324a7a1f0cecd96c3bd2395f\redhat.java -Daether.dependencyCollector.impl=bf 
java_command: c:\Users\AvilésGonzález\.vscode\extensions\redhat.java-1.56.0-win32-x64\server\plugins\org.eclipse.equinox.launcher_1.8.0.v20260804-1928.jar -configuration c:\Users\AvilésGonzález\AppData\Roaming\Code\User\globalStorage\redhat.java\1.56.0\config_win -data c:\Users\AvilésGonzález\AppData\Roaming\Code\User\workspaceStorage\eb47554d324a7a1f0cecd96c3bd2395f\redhat.java\jdt_ws --stdio
java_class_path (initial): c:\Users\AvilésGonzález\.vscode\extensions\redhat.java-1.56.0-win32-x64\server\plugins\org.eclipse.equinox.launcher_1.8.0.v20260804-1928.jar
Launcher Type: SUN_STANDARD

[Global flags]
    uintx AdaptiveSizePolicyWeight                 = 90                                        {product} {command line}
     intx CICompilerCount                          = 4                                         {product} {ergonomic}
    uintx GCTimeRatio                              = 4                                         {product} {command line}
     bool HeapDumpOnOutOfMemoryError               = true                                   {manageable} {command line}
    ccstr HeapDumpPath                             = c:\Users\AvilésGonzález\AppData\Roaming\Code\User\workspaceStorage\eb47554d324a7a1f0cecd96c3bd2395f\redhat.java         {manageable} {command line}
   size_t InitialHeapSize                          = 104857600                                 {product} {command line}
   size_t MaxHeapSize                              = 2147483648                                {product} {command line}
   size_t MaxNewSize                               = 715653120                                 {product} {ergonomic}
   size_t MinHeapDeltaBytes                        = 524288                                    {product} {ergonomic}
   size_t MinHeapSize                              = 104857600                                 {product} {command line}
   size_t NewSize                                  = 34603008                                  {product} {ergonomic}
    uintx NonNMethodCodeHeapSize                   = 5839372                                {pd product} {ergonomic}
    uintx NonProfiledCodeHeapSize                  = 122909434                              {pd product} {ergonomic}
   size_t OldSize                                  = 70254592                                  {product} {ergonomic}
    uintx ProfiledCodeHeapSize                     = 122909434                              {pd product} {ergonomic}
    uintx ReservedCodeCacheSize                    = 251658240                              {pd product} {ergonomic}
     bool SegmentedCodeCache                       = true                                      {product} {ergonomic}
   size_t SoftMaxHeapSize                          = 2147483648                             {manageable} {ergonomic}
     bool UseCompressedOops                        = true                           {product lp64_product} {ergonomic}
     bool UseLargePagesIndividualAllocation        = false                                  {pd product} {ergonomic}
     bool UseParallelGC                            = true                                      {product} {command line}

Logging:
Log output configuration:
 #0: stdout all=off uptime,level,tags foldmultilines=false
 #1: stderr all=off uptime,level,tags foldmultilines=false

Release file:
JAVA_VERSION="21.0.12.1" 
MODULES="java.base java.compiler java.datatransfer java.xml java.prefs java.desktop java.instrument java.logging java.management java.security.sasl java.naming java.rmi java.management.rmi java.net.http java.scripting java.security.jgss java.transaction.xa java.sql java.sql.rowset java.xml.crypto java.se java.smartcardio jdk.accessibility jdk.internal.jvmstat jdk.attach jdk.charsets jdk.internal.opt jdk.zipfs jdk.compiler jdk.crypto.ec jdk.crypto.cryptoki jdk.crypto.mscapi jdk.dynalink jdk.internal.ed jdk.editpad jdk.hotspot.agent jdk.httpserver jdk.internal.le jdk.internal.vm.ci jdk.internal.vm.compiler jdk.internal.vm.compiler.management jdk.jartool jdk.javadoc jdk.jcmd jdk.management jdk.management.agent jdk.jconsole jdk.jdeps jdk.jdwp.agent jdk.jdi jdk.jfr jdk.jshell jdk.jsobject jdk.jstatd jdk.localedata jdk.management.jfr jdk.naming.dns jdk.naming.rmi jdk.net jdk.nio.mapmode jdk.random jdk.sctp jdk.security.auth jdk.security.jgss jdk.unsupported jdk.unsupported.desktop jdk.xml.dom" 

Environment Variables:
JAVA_HOME=C:\Program Files\Java\jdk-22
PATH=C:\Program Files\Common Files\Oracle\Java\javapath;C:\Program Files (x86)\Common Files\Oracle\Java\javapath;C:\Program Files\Microsoft\jdk-11.0.16.101-hotspot\bin;C:\Windows\System32\HWAudioDriverLibs;C:\Windows\system32;C:\Windows;C:\Windows\System32\Wbem;C:\Windows\System32\WindowsPowerShell\v1.0\;C:\Windows\System32\OpenSSH\;C:\Users\Administrator\AppData\Local\Microsoft\WindowsApps;C:\Program Files\Microsoft SQL Server\150\Tools\Binn\;C:\Windows\system32\config\systemprofile\AppData\Local\Microsoft\WindowsApps;C:\windows\system32\HWAudioDriver\;C:\Program Files\Java\jdk-22\bin;C:\Program Files\nodejs\;C:\WINDOWS\system32;C:\WINDOWS;C:\WINDOWS\System32\Wbem;C:\WINDOWS\System32\WindowsPowerShell\v1.0\;C:\WINDOWS\System32\OpenSSH\;C:\Program Files\CMake\bin;D:\Git\cmd;C:\Program Files\dotnet\;C:\Users\AvilésGonzález\AppData\Local\Packages\PythonSoftwareFoundation.Python.3.12_qbz5n2kfra8p0\LocalCache\local-packages\Python312\Scripts;D:\msys64\ucrt64\bin;C:\Users\AvilésGonzález\AppData\Local\Microsoft\WindowsApps;C:\Users\AvilésGonzález\AppData\Local\Programs\Microsoft VS Code\bin;C:\Users\AvilésGonzález\AppData\Local\Programs\Julia-1.11.3\bin;C:\Users\AvilésGonzález\AppData\Roaming\npm;C:\Users\AvilésGonzález\AppData\Local\GitHubDesktop\bin;C:\Users\AvilésGonzález\.dotnet\tools
USERNAME=AvilésGonzález
OS=Windows_NT
PROCESSOR_IDENTIFIER=Intel64 Family 6 Model 154 Stepping 3, GenuineIntel
TMP=C:\Users\AVILSG~1\AppData\Local\Temp
TEMP=C:\Users\AVILSG~1\AppData\Local\Temp




Periodic native trim disabled

---------------  S Y S T E M  ---------------

OS:
 Windows 11 , 64 bit Build 26100 (10.0.26100.9168)
OS uptime: 20 days 17:22 hours
Hyper-V role detected

CPU: total 12 (initial active 12) (6 cores per cpu, 2 threads per core) family 6 model 154 stepping 3 microcode 0x41e, cx8, cmov, fxsr, ht, mmx, 3dnowpref, sse, sse2, sse3, ssse3, sse4.1, sse4.2, popcnt, lzcnt, tsc, tscinvbit, avx, avx2, aes, erms, clmul, bmi1, bmi2, adx, sha, fma, vzeroupper, clflush, clflushopt, clwb, hv, serialize, rdtscp, rdpid, fsrm, f16c, cet_ibt, cet_ss
Processor Information for processor 0
  Max Mhz: 2000, Current Mhz: 2000, Mhz Limit: 2000
Processor Information for processor 1
  Max Mhz: 2000, Current Mhz: 1520, Mhz Limit: 2000
Processor Information for processor 2
  Max Mhz: 2000, Current Mhz: 1520, Mhz Limit: 2000
Processor Information for processor 3
  Max Mhz: 2000, Current Mhz: 1520, Mhz Limit: 2000
Processor Information for processor 4
  Max Mhz: 2000, Current Mhz: 1520, Mhz Limit: 2000
Processor Information for processor 5
  Max Mhz: 2000, Current Mhz: 2000, Mhz Limit: 2000
Processor Information for processor 6
  Max Mhz: 2000, Current Mhz: 2000, Mhz Limit: 2000
Processor Information for processor 7
  Max Mhz: 2000, Current Mhz: 1520, Mhz Limit: 2000
Processor Information for processor 8
  Max Mhz: 2000, Current Mhz: 1500, Mhz Limit: 1500
Processor Information for processor 9
  Max Mhz: 2000, Current Mhz: 1500, Mhz Limit: 1500
Processor Information for processor 10
  Max Mhz: 2000, Current Mhz: 1500, Mhz Limit: 1500
Processor Information for processor 11
  Max Mhz: 2000, Current Mhz: 1500, Mhz Limit: 1500

Memory: 4k page, system-wide physical 16110M (3542M free)
TotalPageFile size 18312M (AvailPageFile size 2M)
current process WorkingSet (physical memory assigned to process): 242M, peak: 244M
current process commit charge ("private bytes"): 357M, peak: 360M

vm_info: OpenJDK 64-Bit Server VM (21.0.12.1+1-LTS) for windows-amd64 JRE (21.0.12.1+1-LTS), built on 2026-08-18T00:00:00Z by "admin" with MS VC++ 17.12 (VS2022)

END.
